Archive member included because of file (symbol)

G:\My Drive\R&D\Firmware Design\KHS2\KHS2\protocol\bluetooth_2.6\lib\EFR32BG1B\GCC\bgapi.a(gecko_bgapi_hardware.c.obj)
                              ./main.o (gecko_bgapi_class_hardware_init)
G:\My Drive\R&D\Firmware Design\KHS2\KHS2\protocol\bluetooth_2.6\lib\EFR32BG1B\GCC\bgapi.a(gecko_bgapi_test.c.obj)
                              ./main.o (gecko_bgapi_class_test_init)
G:\My Drive\R&D\Firmware Design\KHS2\KHS2\protocol\bluetooth_2.6\lib\EFR32BG1B\GCC\bgapi.a(gecko_bgapi_dfu.c.obj)
                              ./main.o (gecko_bgapi_class_dfu_init)
G:\My Drive\R&D\Firmware Design\KHS2\KHS2\protocol\bluetooth_2.6\lib\EFR32BG1B\GCC\bgapi.a(gecko_bgapi_gap.c.obj)
                              ./main.o (gecko_bgapi_class_le_gap_init)
G:\My Drive\R&D\Firmware Design\KHS2\KHS2\protocol\bluetooth_2.6\lib\EFR32BG1B\GCC\bgapi.a(gecko_bgapi_gatt.c.obj)
                              ./main.o (gecko_bgapi_class_gatt_init)
G:\My Drive\R&D\Firmware Design\KHS2\KHS2\protocol\bluetooth_2.6\lib\EFR32BG1B\GCC\bgapi.a(gecko_bgapi_gatt_server.c.obj)
                              ./main.o (gecko_bgapi_class_gatt_server_init)
G:\My Drive\R&D\Firmware Design\KHS2\KHS2\protocol\bluetooth_2.6\lib\EFR32BG1B\GCC\bgapi.a(gecko_bgapi_flash.c.obj)
                              ./main.o (gecko_bgapi_class_flash_init)
G:\My Drive\R&D\Firmware Design\KHS2\KHS2\protocol\bluetooth_2.6\lib\EFR32BG1B\GCC\bgapi.a(gecko_bgapi_sm.c.obj)
                              ./main.o (gecko_bgapi_class_sm_init)
G:\My Drive\R&D\Firmware Design\KHS2\KHS2\protocol\bluetooth_2.6\lib\EFR32BG1B\GCC\bgapi.a(gecko_bgapi_system.c.obj)
                              ./main.o (gecko_bgapi_class_system_init)
G:\My Drive\R&D\Firmware Design\KHS2\KHS2\protocol\bluetooth_2.6\lib\EFR32BG1B\GCC\bgapi.a(gecko_bgapi_endpoint.c.obj)
                              ./main.o (gecko_bgapi_class_endpoint_init)
G:\My Drive\R&D\Firmware Design\KHS2\KHS2\protocol\bluetooth_2.6\lib\EFR32BG1B\GCC\bgapi.a(gecko_bgapi_le_connection.c.obj)
                              ./main.o (gecko_bgapi_class_le_connection_init)
G:\My Drive\R&D\Firmware Design\KHS2\KHS2\protocol\bluetooth_2.6\lib\EFR32BG1B\GCC\bgapi.a(bgapi_hardware.c.obj)
                              G:\My Drive\R&D\Firmware Design\KHS2\KHS2\protocol\bluetooth_2.6\lib\EFR32BG1B\GCC\bgapi.a(gecko_bgapi_hardware.c.obj) (lib_hardware_handler_init)
G:\My Drive\R&D\Firmware Design\KHS2\KHS2\protocol\bluetooth_2.6\lib\EFR32BG1B\GCC\bgapi.a(bgapi_test_lib.c.obj)
                              G:\My Drive\R&D\Firmware Design\KHS2\KHS2\protocol\bluetooth_2.6\lib\EFR32BG1B\GCC\bgapi.a(gecko_bgapi_test.c.obj) (lib_test_handler_init)
G:\My Drive\R&D\Firmware Design\KHS2\KHS2\protocol\bluetooth_2.6\lib\EFR32BG1B\GCC\bgapi.a(bgapi_dfu.c.obj)
                              G:\My Drive\R&D\Firmware Design\KHS2\KHS2\protocol\bluetooth_2.6\lib\EFR32BG1B\GCC\bgapi.a(gecko_bgapi_dfu.c.obj) (lib_dfu_handler_init)
G:\My Drive\R&D\Firmware Design\KHS2\KHS2\protocol\bluetooth_2.6\lib\EFR32BG1B\GCC\bgapi.a(bgapi_gap.c.obj)
                              G:\My Drive\R&D\Firmware Design\KHS2\KHS2\protocol\bluetooth_2.6\lib\EFR32BG1B\GCC\bgapi.a(gecko_bgapi_gap.c.obj) (lib_le_gap_handler_init)
G:\My Drive\R&D\Firmware Design\KHS2\KHS2\protocol\bluetooth_2.6\lib\EFR32BG1B\GCC\bgapi.a(bgapi_gatt_lib.c.obj)
                              G:\My Drive\R&D\Firmware Design\KHS2\KHS2\protocol\bluetooth_2.6\lib\EFR32BG1B\GCC\bgapi.a(gecko_bgapi_gatt.c.obj) (lib_gatt_handler_init)
G:\My Drive\R&D\Firmware Design\KHS2\KHS2\protocol\bluetooth_2.6\lib\EFR32BG1B\GCC\bgapi.a(bgapi_ps.c.obj)
                              G:\My Drive\R&D\Firmware Design\KHS2\KHS2\protocol\bluetooth_2.6\lib\EFR32BG1B\GCC\bgapi.a(gecko_bgapi_flash.c.obj) (lib_flash_handler_init)
G:\My Drive\R&D\Firmware Design\KHS2\KHS2\protocol\bluetooth_2.6\lib\EFR32BG1B\GCC\bgapi.a(bgapi_sm.c.obj)
                              G:\My Drive\R&D\Firmware Design\KHS2\KHS2\protocol\bluetooth_2.6\lib\EFR32BG1B\GCC\bgapi.a(gecko_bgapi_sm.c.obj) (lib_sm_handler_init)
G:\My Drive\R&D\Firmware Design\KHS2\KHS2\protocol\bluetooth_2.6\lib\EFR32BG1B\GCC\bgapi.a(bgapi_system.c.obj)
                              G:\My Drive\R&D\Firmware Design\KHS2\KHS2\protocol\bluetooth_2.6\lib\EFR32BG1B\GCC\bgapi.a(gecko_bgapi_system.c.obj) (lib_system_handler_init)
G:\My Drive\R&D\Firmware Design\KHS2\KHS2\protocol\bluetooth_2.6\lib\EFR32BG1B\GCC\bgapi.a(bgapi_endpoint.c.obj)
                              G:\My Drive\R&D\Firmware Design\KHS2\KHS2\protocol\bluetooth_2.6\lib\EFR32BG1B\GCC\bgapi.a(gecko_bgapi_endpoint.c.obj) (lib_endpoint_handler_init)
G:\My Drive\R&D\Firmware Design\KHS2\KHS2\protocol\bluetooth_2.6\lib\EFR32BG1B\GCC\bgapi.a(bgapi_le_connection.c.obj)
                              G:\My Drive\R&D\Firmware Design\KHS2\KHS2\protocol\bluetooth_2.6\lib\EFR32BG1B\GCC\bgapi.a(gecko_bgapi_le_connection.c.obj) (lib_le_connection_handler_init)
[...]
Memory Configuration

Name             Origin             Length             Attributes
FLASH_BOOTLOADER 0x00000000         0x00004000         xr
FLASH            0x00004000         0x0003b000         xr
RAM              0x20003000         0x00004bfc         xrw
*default*        0x00000000         0xffffffff

Linker script and memory map

LOAD c:/siliconlabs/simplicitystudio/v4/developer/toolchains/gnu_arm/4.9_2015q3/bin/../lib/gcc/arm-none-eabi/4.9.3/armv7e-m/fpu/crti.o
LOAD c:/siliconlabs/simplicitystudio/v4/developer/toolchains/gnu_arm/4.9_2015q3/bin/../lib/gcc/arm-none-eabi/4.9.3/armv7e-m/fpu/crtbegin.o
LOAD c:/siliconlabs/simplicitystudio/v4/developer/toolchains/gnu_arm/4.9_2015q3/bin/../lib/gcc/arm-none-eabi/4.9.3/../../../../arm-none-eabi/lib/armv7e-m/fpu/crt0.o
LOAD ./advertisement.o
LOAD ./app.o
LOAD ./app_ble.o
LOAD ./app_data.o
LOAD ./app_hw.o
LOAD ./application_properties.o
LOAD ./board.o
LOAD ./gatt_db.o
LOAD ./main.o
LOAD ./mcu.o
LOAD ./payloadbuffer.o
LOAD ./pti.o
LOAD ./hardware/kit/common/bsp/bsp_stk.o
LOAD ./hardware/kit/common/bsp/bsp_trace.o
LOAD ./hardware/kit/common/drivers/h3lis331dl.o
LOAD ./hardware/kit/common/drivers/i2cspm.o
LOAD ./hardware/kit/common/drivers/lsm6dsl.o
LOAD ./hardware/kit/common/drivers/retargetswo.o
LOAD ./hardware/kit/common/drivers/s23lc1024.o
LOAD ./hardware/kit/common/drivers/udelay.o
LOAD ./platform/Device/SiliconLabs/EFR32BG1B/Source/GCC/startup_efr32bg1b.o
LOAD ./platform/emdrv/adc/src/adc.o
LOAD ./platform/emdrv/dmadrv/src/dmadrv.o
LOAD ./platform/emdrv/gpiointerrupt/src/gpiointerrupt.o
LOAD ./platform/emdrv/letimer/src/letimer.o
LOAD ./platform/emdrv/mstimer/src/mstimer.o
LOAD ./platform/emdrv/uartdrv/src/uartdrv.o
LOAD ./platform/emdrv/wdog/src/wdog.o
LOAD ./platform/emlib/src/em_adc.o
LOAD ./platform/emlib/src/em_cmu.o
LOAD ./platform/emlib/src/em_cryotimer.o
LOAD ./platform/emlib/src/em_gpio.o
LOAD ./platform/emlib/src/em_i2c.o
LOAD ./platform/emlib/src/em_ldma.o
LOAD ./platform/emlib/src/em_letimer.o
LOAD ./platform/emlib/src/em_leuart.o
LOAD ./platform/emlib/src/em_msc.o
LOAD ./platform/emlib/src/em_rtcc.o
LOAD ./platform/emlib/src/em_system.o
LOAD ./platform/emlib/src/em_timer.o
LOAD ./platform/emlib/src/em_usart.o
LOAD ./platform/emlib/src/em_wdog.o
LOAD ./platform/middleware/glib/glib/bmp.o
LOAD ./platform/middleware/glib/glib/glib.o
LOAD ./platform/middleware/glib/glib/glib_bitmap.o
LOAD ./platform/middleware/glib/glib/glib_circle.o
LOAD ./platform/middleware/glib/glib/glib_font_narrow_6x8.o
LOAD ./platform/middleware/glib/glib/glib_font_normal_8x8.o
LOAD ./platform/middleware/glib/glib/glib_font_number_16x20.o
LOAD ./platform/middleware/glib/glib/glib_line.o
LOAD ./platform/middleware/glib/glib/glib_polygon.o
LOAD ./platform/middleware/glib/glib/glib_rectangle.o
LOAD ./platform/middleware/glib/glib/glib_string.o
LOAD G:\My Drive\R&D\Firmware Design\KHS2\KHS2\protocol\bluetooth_2.6\lib\EFR32BG1B\EABI\binbootloader.o
LOAD G:\My Drive\R&D\Firmware Design\KHS2\KHS2\protocol\bluetooth_2.6\lib\EFR32BG1B\EABI\stack.a
LOAD G:\My Drive\R&D\Firmware Design\KHS2\KHS2\protocol\bluetooth_2.6\lib\EFR32BG1B\EABI\binstack.o
LOAD G:\My Drive\R&D\Firmware Design\KHS2\KHS2\protocol\bluetooth_2.6\lib\EFR32BG1B\GCC\bgapi.a
LOAD c:/siliconlabs/simplicitystudio/v4/developer/toolchains/gnu_arm/4.9_2015q3/bin/../lib/gcc/arm-none-eabi/4.9.3/../../../../arm-none-eabi/lib/armv7e-m/fpu\libm.a
START GROUP
LOAD c:/siliconlabs/simplicitystudio/v4/developer/toolchains/gnu_arm/4.9_2015q3/bin/../lib/gcc/arm-none-eabi/4.9.3/armv7e-m/fpu\libgcc.a
LOAD c:/siliconlabs/simplicitystudio/v4/developer/toolchains/gnu_arm/4.9_2015q3/bin/../lib/gcc/arm-none-eabi/4.9.3/../../../../arm-none-eabi/lib/armv7e-m/fpu\libc.a
LOAD c:/siliconlabs/simplicitystudio/v4/developer/toolchains/gnu_arm/4.9_2015q3/bin/../lib/gcc/arm-none-eabi/4.9.3/../../../../arm-none-eabi/lib/armv7e-m/fpu\libnosys.a
END GROUP
START GROUP
LOAD c:/siliconlabs/simplicitystudio/v4/developer/toolchains/gnu_arm/4.9_2015q3/bin/../lib/gcc/arm-none-eabi/4.9.3/armv7e-m/fpu\libgcc.a
LOAD c:/siliconlabs/simplicitystudio/v4/developer/toolchains/gnu_arm/4.9_2015q3/bin/../lib/gcc/arm-none-eabi/4.9.3/../../../../arm-none-eabi/lib/armv7e-m/fpu\libg.a
LOAD c:/siliconlabs/simplicitystudio/v4/developer/toolchains/gnu_arm/4.9_2015q3/bin/../lib/gcc/arm-none-eabi/4.9.3/../../../../arm-none-eabi/lib/armv7e-m/fpu\libc.a
END GROUP
LOAD c:/siliconlabs/simplicitystudio/v4/developer/toolchains/gnu_arm/4.9_2015q3/bin/../lib/gcc/arm-none-eabi/4.9.3/armv7e-m/fpu/crtend.o
LOAD c:/siliconlabs/simplicitystudio/v4/developer/toolchains/gnu_arm/4.9_2015q3/bin/../lib/gcc/arm-none-eabi/4.9.3/armv7e-m/fpu/crtn.o

.text_bootloader
                0x00000000     0x4000
 *(.binbootloader*)
 .binbootloader
                0x00000000      0x31c G:\My Drive\R&D\Firmware Design\KHS2\KHS2\protocol\bluetooth_2.6\lib\EFR32BG1B\EABI\binbootloader.o
                0x00004000                . = ALIGN (0x4000)
 *fill*         0x0000031c     0x3ce4 

.text_stack_bin
                0x00004000    0x1d681
 *(.binstack*)
 .binstack      0x00004000    0x1d681 G:\My Drive\R&D\Firmware Design\KHS2\KHS2\protocol\bluetooth_2.6\lib\EFR32BG1B\EABI\binstack.o

.text_signature
                0x00021681      0x17f
                0x000216c1                . = (. + 0x40)
 *fill*         0x00021681       0x40 
                0x00021800                . = ALIGN (0x800)
 *fill*         0x000216c1      0x13f 
                0x00021800                __text_start__ = .

.text_app       0x00021800     0x6258
 *(.AAT)
 .AAT           0x00021800       0x80 ./main.o
                0x00021800                AppAddressTable
 *(.vectors)
 .vectors       0x00021880       0xc8 ./platform/Device/SiliconLabs/EFR32BG1B/Source/GCC/startup_efr32bg1b.o
                0x00021880                __Vectors
                0x00021948                __Vectors_End = .
                0x000000c8                __Vectors_Size = (__Vectors_End - __Vectors)
                0x00021948                __end__ = .
 *(.gecko_configuration)
 *(.xo_configuration)
 *(.gatt_header)
 .gatt_header   0x00021948       0x34 ./gatt_db.o
                0x00021948                bg_gattdb_data
 *(.gatt_data)
 .gatt_data     0x0002197c      0x268 ./gatt_db.o
                0x0002197c                bg_gattdb_data_adv_uuid128_map
                0x00021980                bg_gattdb_data_adv_uuid16_map
                0x00021984                bg_gattdb_data_attributes_dynamic_mapping_map
                0x00021990                bg_gattdb_data_attributes_map
                0x00021abc                bg_gattdb_data_attribute_field_0
                0x00021ac0                bg_gattdb_data_attribute_field_1
                0x00021ac8                bg_gattdb_data_attribute_field_2
                0x00021ad0                bg_gattdb_data_attribute_field_4
                0x00021ad4                bg_gattdb_data_attribute_field_5
                0x00021adc                bg_gattdb_data_attribute_field_6
                0x00021af4                bg_gattdb_data_attribute_field_7
                0x00021afc                bg_gattdb_data_attribute_field_8
                0x00021b00                bg_gattdb_data_attribute_field_9
                0x00021b04                bg_gattdb_data_attribute_field_10
                0x00021b0c                bg_gattdb_data_attribute_field_11
                0x00021b1c                bg_gattdb_data_attribute_field_12
                0x00021b24                bg_gattdb_data_attribute_field_13
                0x00021b3c                bg_gattdb_data_attribute_field_14
                0x00021b50                bg_gattdb_data_attribute_field_15
                0x00021b68                bg_gattdb_data_attribute_field_16
                0x00021b70                bg_gattdb_data_attribute_field_17
                0x00021b74                bg_gattdb_data_attribute_field_18
                0x00021b7c                bg_gattdb_data_attribute_field_19
                0x00021b84                bg_gattdb_data_attribute_field_21
                0x00021b8c                bg_gattdb_data_attribute_field_22
                0x00021b94                bg_gattdb_data_attribute_field_23
                0x00021b9c                bg_gattdb_data_attribute_field_24
                0x00021ba4                bg_gattdb_data_uuidtable_128_map
                0x00021bc4                bg_gattdb_data_uuidtable_16_map
 *(.application_properties)
 .application_properties
                0x00021be4       0x38 ./application_properties.o
                0x00021be4                applicationProperties
 *(.text*)
 .text          0x00021c1c       0x5c c:/siliconlabs/simplicitystudio/v4/developer/toolchains/gnu_arm/4.9_2015q3/bin/../lib/gcc/arm-none-eabi/4.9.3/armv7e-m/fpu/crtbegin.o
 .text          0x00021c78       0x74 c:/siliconlabs/simplicitystudio/v4/developer/toolchains/gnu_arm/4.9_2015q3/bin/../lib/gcc/arm-none-eabi/4.9.3/../../../../arm-none-eabi/lib/armv7e-m/fpu/crt0.o
                0x00021c78                _start
                0x00021c78                _mainCRTStartup
 .text.advSetup
                0x00021cec       0x38 ./advertisement.o
                0x00021cec                advSetup
 .text.advConnectionStarted
                0x00021d24        0xc ./advertisement.o
                0x00021d24                advConnectionStarted
 .text.InitApp  0x00021d30       0x14 ./app.o
                0x00021d30                InitApp
 .text.HandleEventsApp
                0x00021d44      0x190 ./app.o
                0x00021d44                HandleEventsApp
 .text.KhsDataCharUpdate.part.1
                0x00021ed4       0x80 ./app_ble.o
 .text.KhsDataCharStatusChange
                0x00021f54       0x14 ./app_ble.o
                0x00021f54                KhsDataCharStatusChange
 .text.KhsDataCharUpdate
                0x00021f68       0x14 ./app_ble.o
                0x00021f68                KhsDataCharUpdate
 .text.KhsDiagInfoCharWrite
                0x00021f7c       0x68 ./app_ble.o
                0x00021f7c                KhsDiagInfoCharWrite
 .text.KhsFirmVerCharWrite
                0x00021fe4       0x30 ./app_ble.o
                0x00021fe4                KhsFirmVerCharWrite
 .text.InitAppBle
                0x00022014       0x18 ./app_ble.o
                0x00022014                InitAppBle
 .text.InitAppData
                0x0002202c       0x20 ./app_data.o
                0x0002202c                InitAppData
 .text.LowAccelGyroAppDataProcessRead
                0x0002204c       0xd0 ./app_data.o
                0x0002204c                LowAccelGyroAppDataProcessRead
 .text.HighAccelGyroAppDataProcessRead
                0x0002211c       0x9c ./app_data.o
                0x0002211c                HighAccelGyroAppDataProcessRead
 .text.InitAppHw
                0x000221b8       0xa4 ./app_hw.o
                0x000221b8                InitAppHw
 .text.GetAppHwErrorFlags
                0x0002225c        0xc ./app_hw.o
                0x0002225c                GetAppHwErrorFlags
 .text.InitBoard
                0x00022268       0x24 ./board.o
                0x00022268                InitBoard
 .text.startup.main
                0x0002228c       0xec ./main.o
                0x0002228c                main
 .text.InitMcu  0x00022378      0x140 ./mcu.o
                0x00022378                InitMcu
 .text.PutPayloadBufferData
                0x000224b8       0x60 ./payloadbuffer.o
                0x000224b8                PutPayloadBufferData
 .text.GetPayloadBufferData
                0x00022518       0x84 ./payloadbuffer.o
                0x00022518                GetPayloadBufferData
 .text.IsEmptyPayloadBuffer
                0x0002259c       0x1c ./payloadbuffer.o
                0x0002259c                IsEmptyPayloadBuffer
 .text.BSP_TraceSwoSetup
                0x000225b8       0xd0 ./hardware/kit/common/bsp/bsp_trace.o
                0x000225b8                BSP_TraceSwoSetup
 .text.i2cWriteH3lis331dl.part.0
                0x00022688       0x44 ./hardware/kit/common/drivers/h3lis331dl.o
 .text.i2cWriteReadH3lis331dl.part.1
                0x000226cc       0x50 ./hardware/kit/common/drivers/h3lis331dl.o
 .text.SetI2CH3lis331dl
                0x0002271c       0xa0 ./hardware/kit/common/drivers/h3lis331dl.o
                0x0002271c                SetI2CH3lis331dl
 .text.InitH3lis331dl
                0x000227bc       0x64 ./hardware/kit/common/drivers/h3lis331dl.o
                0x000227bc                InitH3lis331dl
 .text.DetectH3lis331dl
                0x00022820       0x34 ./hardware/kit/common/drivers/h3lis331dl.o
                0x00022820                DetectH3lis331dl
 .text.GetAccelDataH3lis331dl
                0x00022854       0x30 ./hardware/kit/common/drivers/h3lis331dl.o
                0x00022854                GetAccelDataH3lis331dl
 .text.I2CSPM_Transfer
                0x00022884       0x30 ./hardware/kit/common/drivers/i2cspm.o
                0x00022884                I2CSPM_Transfer
 .text.i2cWriteLsm6dsl.part.0
                0x000228b4       0x44 ./hardware/kit/common/drivers/lsm6dsl.o
 .text.i2cWriteReadLsm6dsl.part.1
                0x000228f8       0x48 ./hardware/kit/common/drivers/lsm6dsl.o
 .text.SetI2CLsm6dsl
                0x00022940       0xac ./hardware/kit/common/drivers/lsm6dsl.o
                0x00022940                SetI2CLsm6dsl
 .text.InitLsm6dsl
                0x000229ec       0xd8 ./hardware/kit/common/drivers/lsm6dsl.o
                0x000229ec                InitLsm6dsl
 .text.DetectLsm6dsl
                0x00022ac4       0x34 ./hardware/kit/common/drivers/lsm6dsl.o
                0x00022ac4                DetectLsm6dsl
 .text.GetAccelGyroDataLsm6dsl
                0x00022af8       0x30 ./hardware/kit/common/drivers/lsm6dsl.o
                0x00022af8                GetAccelGyroDataLsm6dsl
 .text.GetTempDataLsm6dsl
                0x00022b28       0x30 ./hardware/kit/common/drivers/lsm6dsl.o
                0x00022b28                GetTempDataLsm6dsl
 .text.RETARGET_WriteString
                0x00022b58       0x60 ./hardware/kit/common/drivers/retargetswo.o
                0x00022b58                RETARGET_WriteString
 .text.RETARGET_SwoInit
                0x00022bb8        0x4 ./hardware/kit/common/drivers/retargetswo.o
                0x00022bb8                RETARGET_SwoInit
 .text.Set23lc1024
                0x00022bbc       0x90 ./hardware/kit/common/drivers/s23lc1024.o
                0x00022bbc                Set23lc1024
 .text.Init23lc1024
                0x00022c4c       0x30 ./hardware/kit/common/drivers/s23lc1024.o
                0x00022c4c                Init23lc1024
 .text.WritePayload23lc1024
                0x00022c7c       0x88 ./hardware/kit/common/drivers/s23lc1024.o
                0x00022c7c                WritePayload23lc1024
 .text.ReadPayload23lc1024
                0x00022d04       0x84 ./hardware/kit/common/drivers/s23lc1024.o
                0x00022d04                ReadPayload23lc1024
 .text.WriteBytes23lc1024
                0x00022d88       0x54 ./hardware/kit/common/drivers/s23lc1024.o
                0x00022d88                WriteBytes23lc1024
 .text.ReadBytes23lc1024
                0x00022ddc       0x54 ./hardware/kit/common/drivers/s23lc1024.o
                0x00022ddc                ReadBytes23lc1024
 .text.Detect23lc1024
                0x00022e30       0x80 ./hardware/kit/common/drivers/s23lc1024.o
                0x00022e30                Detect23lc1024
 .text.Default_Handler
                0x00022eb0        0x4 ./platform/Device/SiliconLabs/EFR32BG1B/Source/GCC/startup_efr32bg1b.o
                0x00022eb0                DebugMon_Handler
                0x00022eb0                USART0_TX_IRQHandler
                0x00022eb0                I2C0_IRQHandler
                0x00022eb0                HardFault_Handler
                0x00022eb0                SysTick_Handler
                0x00022eb0                USART1_RX_IRQHandler
                0x00022eb0                PendSV_Handler
                0x00022eb0                NMI_Handler
                0x00022eb0                SYNTH_IRQHandler
                0x00022eb0                WDOG0_IRQHandler
                0x00022eb0                USART1_TX_IRQHandler
                0x00022eb0                MSC_IRQHandler
                0x00022eb0                ADC0_IRQHandler
                0x00022eb0                UsageFault_Handler
                0x00022eb0                LEUART0_IRQHandler
                0x00022eb0                FPUEH_IRQHandler
                0x00022eb0                TIMER1_IRQHandler
                0x00022eb0                RFSENSE_IRQHandler
                0x00022eb0                BUFC_IRQHandler
                0x00022eb0                MODEM_IRQHandler
                0x00022eb0                Default_Handler
                0x00022eb0                RAC_SEQ_IRQHandler
                0x00022eb0                FRC_PRI_IRQHandler
                0x00022eb0                FRC_IRQHandler
                0x00022eb0                CRYOTIMER_IRQHandler
                0x00022eb0                PCNT0_IRQHandler
                0x00022eb0                AGC_IRQHandler
                0x00022eb0                ACMP0_IRQHandler
                0x00022eb0                USART0_RX_IRQHandler
                0x00022eb0                MemManage_Handler
                0x00022eb0                SVC_Handler
                0x00022eb0                RTCC_IRQHandler
                0x00022eb0                CRYPTO_IRQHandler
                0x00022eb0                CMU_IRQHandler
                0x00022eb0                RAC_RSM_IRQHandler
                0x00022eb0                PROTIMER_IRQHandler
                0x00022eb0                BusFault_Handler
                0x00022eb0                IDAC0_IRQHandler
 .text.Reset_Handler
                0x00022eb4       0x34 ./platform/Device/SiliconLabs/EFR32BG1B/Source/GCC/startup_efr32bg1b.o
                0x00022eb4                Reset_Handler
 .text.InitAdc  0x00022ee8       0x50 ./platform/emdrv/adc/src/adc.o
                0x00022ee8                InitAdc
 .text.GetSingleAdc
                0x00022f38       0x20 ./platform/emdrv/adc/src/adc.o
                0x00022f38                GetSingleAdc
 .text.LDMA_IRQHandler
                0x00022f58       0x7c ./platform/emdrv/dmadrv/src/dmadrv.o
                0x00022f58                LDMA_IRQHandler
 .text.GPIOINT_IRQDispatcher
                0x00022fd4       0x2c ./platform/emdrv/gpiointerrupt/src/gpiointerrupt.o
 .text.GPIO_EVEN_IRQHandler
                0x00023000       0x20 ./platform/emdrv/gpiointerrupt/src/gpiointerrupt.o
                0x00023000                GPIO_EVEN_IRQHandler
 .text.GPIO_ODD_IRQHandler
                0x00023020       0x20 ./platform/emdrv/gpiointerrupt/src/gpiointerrupt.o
                0x00023020                GPIO_ODD_IRQHandler
 .text.LETIMER0_IRQHandler
                0x00023040       0x4c ./platform/emdrv/letimer/src/letimer.o
                0x00023040                LETIMER0_IRQHandler
 .text.InitLeTimer
                0x0002308c       0x5c ./platform/emdrv/letimer/src/letimer.o
                0x0002308c                InitLeTimer
 .text.StartLeTimer
                0x000230e8       0x30 ./platform/emdrv/letimer/src/letimer.o
                0x000230e8                StartLeTimer
 .text.GetLeCounter
                0x00023118        0xc ./platform/emdrv/letimer/src/letimer.o
                0x00023118                GetLeCounter
 .text.TIMER0_IRQHandler
                0x00023124       0x38 ./platform/emdrv/mstimer/src/mstimer.o
                0x00023124                TIMER0_IRQHandler
 .text.ADC_LoadDevinfoCal
                0x0002315c       0xb8 ./platform/emlib/src/em_adc.o
 .text.ADC_InitSingle
                0x00023214       0xb8 ./platform/emlib/src/em_adc.o
                0x00023214                ADC_InitSingle
 .text.flashWaitStateControl.isra.0
                0x000232cc       0x48 ./platform/emlib/src/em_cmu.o
 .text.CMU_OscillatorTuningSet.part.3
                0x00023314       0x3c ./platform/emlib/src/em_cmu.o
 .text.CMU_ClockEnable
                0x00023350       0x8c ./platform/emlib/src/em_cmu.o
                0x00023350                CMU_ClockEnable
 .text.CMU_ClockSelectGet
                0x000233dc       0xcc ./platform/emlib/src/em_cmu.o
                0x000233dc                CMU_ClockSelectGet
 .text.lfClkGet
                0x000234a8       0x94 ./platform/emlib/src/em_cmu.o
 .text.CMU_ClockFreqGet
                0x0002353c      0x160 ./platform/emlib/src/em_cmu.o
                0x0002353c                CMU_ClockFreqGet
 .text.CMU_HFXOAutostartEnable
                0x0002369c       0x74 ./platform/emlib/src/em_cmu.o
                0x0002369c                CMU_HFXOAutostartEnable
 .text.CMU_OscillatorTuningWait
                0x00023710       0x5c ./platform/emlib/src/em_cmu.o
                0x00023710                CMU_OscillatorTuningWait
 .text.CMU_OscillatorEnable
                0x0002376c      0x110 ./platform/emlib/src/em_cmu.o
                0x0002376c                CMU_OscillatorEnable
 .text.CMU_ClockSelectSet
                0x0002387c      0x200 ./platform/emlib/src/em_cmu.o
                0x0002387c                CMU_ClockSelectSet
 .text.CMU_HFXOInit
                0x00023a7c       0x88 ./platform/emlib/src/em_cmu.o
                0x00023a7c                CMU_HFXOInit
 .text.CMU_LFXOInit
                0x00023b04       0x40 ./platform/emlib/src/em_cmu.o
                0x00023b04                CMU_LFXOInit
 .text.GPIO_PinModeSet
                0x00023b44       0x84 ./platform/emlib/src/em_gpio.o
                0x00023b44                GPIO_PinModeSet
 .text.I2C_BusFreqSet.part.0
                0x00023bc8       0x60 ./platform/emlib/src/em_i2c.o
 .text.I2C_Init
                0x00023c28       0x3c ./platform/emlib/src/em_i2c.o
                0x00023c28                I2C_Init
 .text.I2C_Transfer
                0x00023c64      0x284 ./platform/emlib/src/em_i2c.o
                0x00023c64                I2C_Transfer
 .text.I2C_TransferInit
                0x00023ee8       0x70 ./platform/emlib/src/em_i2c.o
                0x00023ee8                I2C_TransferInit
 .text.LETIMER_CompareSet
                0x00023f58       0x14 ./platform/emlib/src/em_letimer.o
                0x00023f58                LETIMER_CompareSet
 .text.LETIMER_Init
                0x00023f6c       0x60 ./platform/emlib/src/em_letimer.o
                0x00023f6c                LETIMER_Init
 .text.SYSTEM_ChipRevisionGet
                0x00023fcc       0x34 ./platform/emlib/src/em_system.o
                0x00023fcc                SYSTEM_ChipRevisionGet
 .text.USART_BaudrateSyncSet
                0x00024000       0x24 ./platform/emlib/src/em_usart.o
                0x00024000                USART_BaudrateSyncSet
 .text.USART_Enable
                0x00024024       0x10 ./platform/emlib/src/em_usart.o
                0x00024024                USART_Enable
 .text.USART_InitSync
                0x00024034       0xcc ./platform/emlib/src/em_usart.o
                0x00024034                USART_InitSync
 .text.USART_SpiTransfer
                0x00024100       0x14 ./platform/emlib/src/em_usart.o
                0x00024100                USART_SpiTransfer
 .text          0x00024114       0x18 G:\My Drive\R&D\Firmware Design\KHS2\KHS2\protocol\bluetooth_2.6\lib\EFR32BG1B\GCC\bgapi.a(gecko_bgapi_hardware.c.obj)
                0x00024114                gecko_bgapi_class_hardware_init
 .text          0x0002412c       0x18 G:\My Drive\R&D\Firmware Design\KHS2\KHS2\protocol\bluetooth_2.6\lib\EFR32BG1B\GCC\bgapi.a(gecko_bgapi_test.c.obj)
                0x0002412c                gecko_bgapi_class_test_init
 .text          0x00024144       0x18 G:\My Drive\R&D\Firmware Design\KHS2\KHS2\protocol\bluetooth_2.6\lib\EFR32BG1B\GCC\bgapi.a(gecko_bgapi_dfu.c.obj)
                0x00024144                gecko_bgapi_class_dfu_init
 .text          0x0002415c       0x18 G:\My Drive\R&D\Firmware Design\KHS2\KHS2\protocol\bluetooth_2.6\lib\EFR32BG1B\GCC\bgapi.a(gecko_bgapi_gap.c.obj)
                0x0002415c                gecko_bgapi_class_le_gap_init
 .text          0x00024174       0x18 G:\My Drive\R&D\Firmware Design\KHS2\KHS2\protocol\bluetooth_2.6\lib\EFR32BG1B\GCC\bgapi.a(gecko_bgapi_gatt.c.obj)
                0x00024174                gecko_bgapi_class_gatt_init
 .text          0x0002418c       0x18 G:\My Drive\R&D\Firmware Design\KHS2\KHS2\protocol\bluetooth_2.6\lib\EFR32BG1B\GCC\bgapi.a(gecko_bgapi_gatt_server.c.obj)
                0x0002418c                gecko_bgapi_class_gatt_server_init
 .text          0x000241a4       0x18 G:\My Drive\R&D\Firmware Design\KHS2\KHS2\protocol\bluetooth_2.6\lib\EFR32BG1B\GCC\bgapi.a(gecko_bgapi_flash.c.obj)
                0x000241a4                gecko_bgapi_class_flash_init
 .text          0x000241bc       0x18 G:\My Drive\R&D\Firmware Design\KHS2\KHS2\protocol\bluetooth_2.6\lib\EFR32BG1B\GCC\bgapi.a(gecko_bgapi_sm.c.obj)
                0x000241bc                gecko_bgapi_class_sm_init
 .text          0x000241d4       0x18 G:\My Drive\R&D\Firmware Design\KHS2\KHS2\protocol\bluetooth_2.6\lib\EFR32BG1B\GCC\bgapi.a(gecko_bgapi_system.c.obj)
                0x000241d4                gecko_bgapi_class_system_init
 .text          0x000241ec       0x18 G:\My Drive\R&D\Firmware Design\KHS2\KHS2\protocol\bluetooth_2.6\lib\EFR32BG1B\GCC\bgapi.a(gecko_bgapi_endpoint.c.obj)
                0x000241ec                gecko_bgapi_class_endpoint_init
 .text          0x00024204       0x18 G:\My Drive\R&D\Firmware Design\KHS2\KHS2\protocol\bluetooth_2.6\lib\EFR32BG1B\GCC\bgapi.a(gecko_bgapi_le_connection.c.obj)
                0x00024204                gecko_bgapi_class_le_connection_init
 .text          0x0002421c      0x1c8 G:\My Drive\R&D\Firmware Design\KHS2\KHS2\protocol\bluetooth_2.6\lib\EFR32BG1B\GCC\bgapi.a(bgapi_hardware.c.obj)
                0x0002428c                bgapi_hardware_soft_timer_listener
                0x000242e8                lib_hardware_handler_init
                0x000242fc                gecko_cmd_hardware_set_soft_timer
                0x0002433c                gecko_cmd_hardware_set_lazy_soft_timer
                0x0002437c                gecko_cmd_hardware_get_time
                0x000243b0                gecko_cmd_hardware_enable_dcdc
 .text          0x000243e4      0x408 G:\My Drive\R&D\Firmware Design\KHS2\KHS2\protocol\bluetooth_2.6\lib\EFR32BG1B\GCC\bgapi.a(bgapi_test_lib.c.obj)
                0x000243e4                bgapi_test_lib_msg_handler
                0x00024440                lib_test_handler_init
                0x00024460                disable_interrupts
                0x00024484                gecko_cmd_test_dtm_tx
                0x000245a8                gecko_cmd_test_dtm_rx
                0x000245fc                gecko_cmd_test_dtm_end
                0x00024694                gecko_cmd_test_debug_command
                0x00024770                gecko_cmd_test_debug_counter
 .text          0x000247ec       0x8c G:\My Drive\R&D\Firmware Design\KHS2\KHS2\protocol\bluetooth_2.6\lib\EFR32BG1B\GCC\bgapi.a(bgapi_dfu.c.obj)
                0x000247ec                lib_dfu_handler_init
                0x000247ee                gecko_cmd_dfu_reset
                0x000247f4                gecko_cmd_dfu_flash_set_address
                0x00024820                gecko_cmd_dfu_flash_upload
                0x0002484c                gecko_cmd_dfu_flash_upload_finish
 .text          0x00024878      0x364 G:\My Drive\R&D\Firmware Design\KHS2\KHS2\protocol\bluetooth_2.6\lib\EFR32BG1B\GCC\bgapi.a(bgapi_gap.c.obj)
                0x000248ac                lib_le_gap_handler_init
                0x000248ae                gecko_cmd_le_gap_set_mode
                0x000248f4                gecko_cmd_le_gap_bt5_set_mode
                0x00024938                gecko_cmd_le_gap_set_adv_data
                0x00024970                gecko_cmd_le_gap_bt5_set_adv_data
                0x000249a4                gecko_cmd_le_gap_set_adv_timeout
                0x000249f8                gecko_cmd_le_gap_open
                0x00024a4c                gecko_cmd_le_gap_discover
                0x00024a78                gecko_cmd_le_gap_end_procedure
                0x00024aa4                gecko_cmd_le_gap_set_adv_parameters
                0x00024ad8                gecko_cmd_le_gap_bt5_set_adv_parameters
                0x00024b14                gecko_cmd_le_gap_set_scan_parameters
                0x00024b48                gecko_cmd_le_gap_set_conn_parameters
                0x00024b80                gecko_cmd_le_gap_set_phy
                0x00024bac                gecko_cmd_le_gap_set_privacy_mode
 .text          0x00024bdc      0x68c G:\My Drive\R&D\Firmware Design\KHS2\KHS2\protocol\bluetooth_2.6\lib\EFR32BG1B\GCC\bgapi.a(bgapi_gatt_lib.c.obj)
                0x00024bdc                lib_gatt_handler_init
                0x00024be0                lib_gatt_server_handler_init
                0x00024be2                gecko_cmd_gatt_set_max_mtu
                0x00024c1c                gecko_cmd_gatt_discover_primary_services
                0x00024c48                gecko_cmd_gatt_discover_primary_services_by_uuid
                0x00024c80                gecko_cmd_gatt_find_included_services
                0x00024cb4                gecko_cmd_gatt_discover_characteristics
                0x00024ce8                gecko_cmd_gatt_discover_characteristics_by_uuid
                0x00024d24                gecko_cmd_gatt_read_characteristic_value
                0x00024d5c                gecko_cmd_gatt_read_characteristic_value_from_offset
                0x00024d98                gecko_cmd_gatt_read_characteristic_value_by_uuid
                0x00024dd4                gecko_cmd_gatt_read_multiple_characteristic_values
                0x00024e08                gecko_cmd_gatt_write_characteristic_value
                0x00024e40                gecko_cmd_gatt_write_characteristic_value_without_response
                0x00024e80                gecko_cmd_gatt_prepare_characteristic_value_write
                0x00024ecc                gecko_cmd_gatt_execute_characteristic_value_write
                0x00024efc                gecko_cmd_gatt_set_characteristic_notification
                0x00024f30                gecko_cmd_gatt_discover_descriptors
                0x00024f64                gecko_cmd_gatt_read_descriptor_value
                0x00024f98                gecko_cmd_gatt_write_descriptor_value
                0x00024fd0                gecko_cmd_gatt_server_read_attribute_value
                0x0002501c                gecko_cmd_gatt_server_read_attribute_type
                0x00025060                gecko_cmd_gatt_server_find_attribute
                0x0002509c                gecko_cmd_gatt_server_write_attribute_value
                0x000250d0                gecko_cmd_gatt_server_send_user_read_response
                0x00025114                gecko_cmd_gatt_server_send_user_write_response
                0x00025148                gecko_cmd_gatt_server_send_characteristic_notification
                0x0002518c                gecko_cmd_gatt_send_characteristic_confirmation
                0x000251b8                gecko_cmd_gatt_server_set_database
                0x000251e8                gecko_cmd_gatt_server_set_capabilities
                0x0002521c                gecko_cmd_gatt_prepare_characteristic_value_reliable_write
 .text          0x00025268      0x1d0 G:\My Drive\R&D\Firmware Design\KHS2\KHS2\protocol\bluetooth_2.6\lib\EFR32BG1B\GCC\bgapi.a(bgapi_ps.c.obj)
                0x00025268                bgapi_ps_dump_listener
                0x000252a8                lib_flash_handler_init
                0x000252bc                gecko_cmd_flash_ps_dump
                0x0002534c                gecko_cmd_flash_ps_erase_all
                0x0002537c                gecko_cmd_flash_ps_save
                0x000253bc                gecko_cmd_flash_ps_load
                0x00025404                gecko_cmd_flash_ps_erase
 .text          0x00025438      0x3c4 G:\My Drive\R&D\Firmware Design\KHS2\KHS2\protocol\bluetooth_2.6\lib\EFR32BG1B\GCC\bgapi.a(bgapi_sm.c.obj)
                0x000254fc                lib_sm_handler_init
                0x00025510                gecko_cmd_sm_list_all_bondings
                0x00025548                gecko_cmd_sm_increase_security
                0x00025574                gecko_cmd_sm_set_bondable_mode
                0x000255a0                gecko_cmd_sm_delete_bonding
                0x000255d0                gecko_cmd_sm_delete_bondings
                0x00025600                gecko_cmd_sm_configure
                0x00025634                gecko_cmd_sm_enter_passkey
                0x00025668                gecko_cmd_sm_set_passkey
                0x00025694                gecko_cmd_sm_passkey_confirm
                0x000256c4                gecko_cmd_sm_set_oob_data
                0x000256f4                gecko_cmd_sm_set_sc_remote_oob_data
                0x00025724                gecko_cmd_sm_use_sc_oob
                0x00025768                gecko_cmd_sm_store_bonding_configuration
                0x0002579c                gecko_cmd_sm_bonding_confirm
                0x000257cc                gecko_cmd_sm_set_debug_mode
 .text          0x000257fc      0x208 G:\My Drive\R&D\Firmware Design\KHS2\KHS2\protocol\bluetooth_2.6\lib\EFR32BG1B\GCC\bgapi.a(bgapi_system.c.obj)
                0x000257fc                bgapi_system_listener
                0x0002582c                lib_system_handler_init
                0x00025840                gecko_cmd_system_get_bt_address
                0x00025874                gecko_cmd_system_set_bt_address
                0x000258a8                gecko_cmd_system_set_device_name
                0x000258e4                gecko_cmd_system_get_random_data
                0x0002592c                gecko_cmd_system_halt
                0x00025960                gecko_cmd_system_set_tx_power
                0x00025990                gecko_cmd_system_hello
                0x000259b8                gecko_cmd_system_reset
                0x000259be                gecko_send_system_awake
                0x000259d0                gecko_cmd_system_linklayer_configure
 .text          0x00025a04       0x40 G:\My Drive\R&D\Firmware Design\KHS2\KHS2\protocol\bluetooth_2.6\lib\EFR32BG1B\GCC\bgapi.a(bgapi_endpoint.c.obj)
                0x00025a04                lib_endpoint_handler_init
                0x00025a06                gecko_cmd_endpoint_close
 .text          0x00025a44      0x13c G:\My Drive\R&D\Firmware Design\KHS2\KHS2\protocol\bluetooth_2.6\lib\EFR32BG1B\GCC\bgapi.a(bgapi_le_connection.c.obj)
                0x00025a44                lib_le_connection_handler_init
                0x00025a46                gecko_cmd_le_connection_set_parameters
                0x00025a90                gecko_cmd_le_connection_get_rssi
                0x00025abc                gecko_cmd_le_connection_disable_slave_latency
                0x00025b00                gecko_cmd_le_connection_set_phy
                0x00025b3c                bgapi_close_le_connection
                0x00025b52                gecko_cmd_le_connection_close
 .text          0x00025b80      0xdf4 G:\My Drive\R&D\Firmware Design\KHS2\KHS2\protocol\bluetooth_2.6\lib\EFR32BG1B\GCC\bgapi.a(gatt_client.c.obj)
                0x00025de0                gatt_discover_primary_services
                0x00025e1c                gatt_discover_primary_services_by_uuid
                0x00025e72                gatt_find_included_services
                0x00025ec4                gatt_find_included_services_handler
                0x00025f7c                gatt_discover_characteristics
                0x00025fa0                gatt_discover_characteristics_by_uuid
                0x00025fde                gatt_discover_descriptors
                0x0002601a                gatt_read_characteristic_value
                0x00026058                gatt_read_characteristic_value_by_uuid
                0x00026090                gatt_read_multiple_characteristic_values
                0x000260b8                gatt_write_characteristic_value
                0x000260e4                gatt_write_characteristic_value_without_response
                0x0002610a                gatt_prepare_characteristic_value_write
                0x0002617e                gatt_execute_characteristic_value_write
                0x000261a2                gatt_set_characteristic_notification
                0x000261e2                gatt_read_descriptor_value
                0x0002620c                gatt_write_descriptor_value
                0x00026238                gatt_handle_exchange_mtu_rsp
                0x00026254                gatt_handle_find_information_response
                0x000263a6                gatt_handle_find_by_type_value_response
                0x0002644e                gatt_handle_read_response
                0x000265b0                gatt_handle_read_blob_response
                0x000265ec                gatt_handle_read_multiple_response
                0x00026628                gatt_handle_read_by_type_response
                0x00026770                gatt_handle_read_by_group_type_response
                0x00026816                gatt_handle_write_response
                0x0002682a                gatt_handle_prepare_write_response
                0x000268ea                gatt_handle_execute_write_response
                0x00026926                gatt_client_handle_value_notification
                0x00026938                gatt_client_handle_value_indication
                0x0002694c                gatt_send_characteristic_confirmation
                0x0002696a                gatt_client_init
 .text          0x00026974      0x250 G:\My Drive\R&D\Firmware Design\KHS2\KHS2\protocol\bluetooth_2.6\lib\EFR32BG1B\GCC\bgapi.a(ubt_gatt_client.c.obj)
                0x00026974                ubt_gatt_discover_primary_services
                0x0002698a                ubt_gatt_discover_primary_services_by_uuid
                0x000269b6                ubt_gatt_find_included_services
                0x000269d0                ubt_gatt_discover_characteristics
                0x000269ea                ubt_gatt_discover_characteristics_by_uuid
                0x00026a1a                ubt_gatt_discover_descriptors
                0x00026a34                ubt_gatt_read_characteristic_value
                0x00026a56                ubt_gatt_read_characteristic_value_by_uuid
                0x00026a86                ubt_gatt_read_multiple_characteristic_values
                0x00026aa4                ubt_gatt_write_characteristic_value
                0x00026ac6                ubt_gatt_write_characteristic_value_without_response
                0x00026b00                ubt_gatt_prepare_characteristic_value_write
                0x00026b3a                ubt_gatt_execute_characteristic_value_write
                0x00026b54                ubt_gatt_send_characteristic_confirmation
                0x00026b6a                ubt_gatt_read_descriptor_value
                0x00026b84                ubt_gatt_write_descriptor_value
                0x00026ba6                ubt_gatt_set_characteristic_notification
 .text          0x00026bc4      0x4fe G:\My Drive\R&D\Firmware Design\KHS2\KHS2\protocol\bluetooth_2.6\lib\EFR32BG1B\GCC\bgapi.a(att_client.c.obj)
                0x00026bc4                att_send_find_information_request
                0x00026bea                att_send_find_by_type_value_request
                0x00026c1c                att_send_read_by_type_request
                0x00026c48                att_send_read_request
                0x00026c68                att_send_read_blob_request
                0x00026c8e                att_send_read_multiple_request
                0x00026cbc                att_send_read_by_group_type_request
                0x00026ce8                att_send_write_request
                0x00026d18                att_send_write_command
                0x00026d48                att_send_signed_write_command
                0x00026d82                att_send_prepare_write_request
                0x00026dfa                att_send_execute_write_request
                0x00026e18                att_send_handle_value_confirmation
                0x00026e30                validate_gatt_client_pdu_len
                0x00026edc                att_gatt_client_handler
 *fill*         0x000270c2        0x2 
 .text.exit     0x000270c4       0x20 c:/siliconlabs/simplicitystudio/v4/developer/toolchains/gnu_arm/4.9_2015q3/bin/../lib/gcc/arm-none-eabi/4.9.3/../../../../arm-none-eabi/lib/armv7e-m/fpu\libc.a(lib_a-exit.o)
                0x000270c4                exit
 .text.__libc_init_array
                0x000270e4       0x50 c:/siliconlabs/simplicitystudio/v4/developer/toolchains/gnu_arm/4.9_2015q3/bin/../lib/gcc/arm-none-eabi/4.9.3/../../../../arm-none-eabi/lib/armv7e-m/fpu\libc.a(lib_a-init.o)
                0x000270e4                __libc_init_array
 .text          0x00027134      0x134 c:/siliconlabs/simplicitystudio/v4/developer/toolchains/gnu_arm/4.9_2015q3/bin/../lib/gcc/arm-none-eabi/4.9.3/../../../../arm-none-eabi/lib/armv7e-m/fpu\libc.a(lib_a-memcpy.o)
                0x00027134                memcpy
 .text.memset   0x00027268       0x9c c:/siliconlabs/simplicitystudio/v4/developer/toolchains/gnu_arm/4.9_2015q3/bin/../lib/gcc/arm-none-eabi/4.9.3/../../../../arm-none-eabi/lib/armv7e-m/fpu\libc.a(lib_a-memset.o)
                0x00027268                memset
 .text.startup.register_fini
                0x00027304       0x14 c:/siliconlabs/simplicitystudio/v4/developer/toolchains/gnu_arm/4.9_2015q3/bin/../lib/gcc/arm-none-eabi/4.9.3/../../../../arm-none-eabi/lib/armv7e-m/fpu\libc.a(lib_a-__call_atexit.o)
 .text.__call_exitprocs
                0x00027318       0xd4 c:/siliconlabs/simplicitystudio/v4/developer/toolchains/gnu_arm/4.9_2015q3/bin/../lib/gcc/arm-none-eabi/4.9.3/../../../../arm-none-eabi/lib/armv7e-m/fpu\libc.a(lib_a-__call_atexit.o)
                0x00027318                __call_exitprocs
 .text.atexit   0x000273ec        0xc c:/siliconlabs/simplicitystudio/v4/developer/toolchains/gnu_arm/4.9_2015q3/bin/../lib/gcc/arm-none-eabi/4.9.3/../../../../arm-none-eabi/lib/armv7e-m/fpu\libc.a(lib_a-atexit.o)
                0x000273ec                atexit
 .text.__libc_fini_array
                0x000273f8       0x2c c:/siliconlabs/simplicitystudio/v4/developer/toolchains/gnu_arm/4.9_2015q3/bin/../lib/gcc/arm-none-eabi/4.9.3/../../../../arm-none-eabi/lib/armv7e-m/fpu\libc.a(lib_a-fini.o)
                0x000273f8                __libc_fini_array
 .text.__register_exitproc
                0x00027424       0xa4 c:/siliconlabs/simplicitystudio/v4/developer/toolchains/gnu_arm/4.9_2015q3/bin/../lib/gcc/arm-none-eabi/4.9.3/../../../../arm-none-eabi/lib/armv7e-m/fpu\libc.a(lib_a-__atexit.o)
                0x00027424                __register_exitproc
 .text._exit    0x000274c8        0x4 c:/siliconlabs/simplicitystudio/v4/developer/toolchains/gnu_arm/4.9_2015q3/bin/../lib/gcc/arm-none-eabi/4.9.3/../../../../arm-none-eabi/lib/armv7e-m/fpu\libnosys.a(_exit.o)
                0x000274c8                _exit
 *(.init)
 .init          0x000274cc        0x4 c:/siliconlabs/simplicitystudio/v4/developer/toolchains/gnu_arm/4.9_2015q3/bin/../lib/gcc/arm-none-eabi/4.9.3/armv7e-m/fpu/crti.o
                0x000274cc                _init
 .init          0x000274d0        0x8 c:/siliconlabs/simplicitystudio/v4/developer/toolchains/gnu_arm/4.9_2015q3/bin/../lib/gcc/arm-none-eabi/4.9.3/armv7e-m/fpu/crtn.o
 *(.fini)
 .fini          0x000274d8        0x4 c:/siliconlabs/simplicitystudio/v4/developer/toolchains/gnu_arm/4.9_2015q3/bin/../lib/gcc/arm-none-eabi/4.9.3/armv7e-m/fpu/crti.o
                0x000274d8                _fini
 .fini          0x000274dc        0x8 c:/siliconlabs/simplicitystudio/v4/developer/toolchains/gnu_arm/4.9_2015q3/bin/../lib/gcc/arm-none-eabi/4.9.3/armv7e-m/fpu/crtn.o
 *crtbegin.o(.ctors)
 *crtbegin?.o(.ctors)
 *(EXCLUDE_FILE(*crtend.o *crtend?.o) .ctors)
 *(SORT(.ctors.*))
 *(.ctors)
 *crtbegin.o(.dtors)
 *crtbegin?.o(.dtors)
 *(EXCLUDE_FILE(*crtend.o *crtend?.o) .dtors)
 *(SORT(.dtors.*))
 *(.dtors)
 *(.rodata*)
 .rodata.str1.4
                0x000274e4        0xa ./app_data.o
 *fill*         0x000274ee        0x2 
 .rodata.str1.4
                0x000274f0       0x9a ./app_hw.o
 *fill*         0x0002758a        0x2 
 .rodata.config
                0x0002758c       0x38 ./main.o
 .rodata.str1.4
                0x000275c4       0x54 ./main.o
 .rodata        0x00027618       0x38 ./mcu.o
 .rodata.str1.4
                0x00027650       0x18 ./payloadbuffer.o
 .rodata        0x00027668       0x10 ./hardware/kit/common/drivers/h3lis331dl.o
 .rodata.str1.4
                0x00027678        0xa ./hardware/kit/common/drivers/h3lis331dl.o
 *fill*         0x00027682        0x2 
 .rodata        0x00027684       0x10 ./hardware/kit/common/drivers/lsm6dsl.o
 .rodata.str1.4
                0x00000000        0xa ./hardware/kit/common/drivers/lsm6dsl.o
 .rodata        0x00027694       0x2c ./hardware/kit/common/drivers/s23lc1024.o
 .rodata.CSWTCH.45
                0x000276c0        0xc ./platform/emlib/src/em_cmu.o
 .rodata.CSWTCH.46
                0x000276cc       0x10 ./platform/emlib/src/em_cmu.o
 .rodata.CSWTCH.47
                0x000276dc       0x10 ./platform/emlib/src/em_cmu.o
 .rodata.CSWTCH.48
                0x000276ec       0x10 ./platform/emlib/src/em_cmu.o
 .rodata.i2cNSum
                0x000276fc        0x4 ./platform/emlib/src/em_i2c.o
 .rodata        0x00027700       0x28 G:\My Drive\R&D\Firmware Design\KHS2\KHS2\protocol\bluetooth_2.6\lib\EFR32BG1B\GCC\bgapi.a(gecko_bgapi_hardware.c.obj)
 .rodata        0x00027728       0x30 G:\My Drive\R&D\Firmware Design\KHS2\KHS2\protocol\bluetooth_2.6\lib\EFR32BG1B\GCC\bgapi.a(gecko_bgapi_test.c.obj)
 .rodata        0x00027758       0x28 G:\My Drive\R&D\Firmware Design\KHS2\KHS2\protocol\bluetooth_2.6\lib\EFR32BG1B\GCC\bgapi.a(gecko_bgapi_dfu.c.obj)
 .rodata        0x00027780       0x78 G:\My Drive\R&D\Firmware Design\KHS2\KHS2\protocol\bluetooth_2.6\lib\EFR32BG1B\GCC\bgapi.a(gecko_bgapi_gap.c.obj)
 .rodata        0x000277f8       0xa8 G:\My Drive\R&D\Firmware Design\KHS2\KHS2\protocol\bluetooth_2.6\lib\EFR32BG1B\GCC\bgapi.a(gecko_bgapi_gatt.c.obj)
 .rodata        0x000278a0       0x50 G:\My Drive\R&D\Firmware Design\KHS2\KHS2\protocol\bluetooth_2.6\lib\EFR32BG1B\GCC\bgapi.a(gecko_bgapi_gatt_server.c.obj)
 .rodata        0x000278f0       0x30 G:\My Drive\R&D\Firmware Design\KHS2\KHS2\protocol\bluetooth_2.6\lib\EFR32BG1B\GCC\bgapi.a(gecko_bgapi_flash.c.obj)
 .rodata        0x00027920       0x80 G:\My Drive\R&D\Firmware Design\KHS2\KHS2\protocol\bluetooth_2.6\lib\EFR32BG1B\GCC\bgapi.a(gecko_bgapi_sm.c.obj)
 .rodata        0x000279a0       0x50 G:\My Drive\R&D\Firmware Design\KHS2\KHS2\protocol\bluetooth_2.6\lib\EFR32BG1B\GCC\bgapi.a(gecko_bgapi_system.c.obj)
 .rodata        0x000279f0       0x10 G:\My Drive\R&D\Firmware Design\KHS2\KHS2\protocol\bluetooth_2.6\lib\EFR32BG1B\GCC\bgapi.a(gecko_bgapi_endpoint.c.obj)
 .rodata        0x00027a00       0x30 G:\My Drive\R&D\Firmware Design\KHS2\KHS2\protocol\bluetooth_2.6\lib\EFR32BG1B\GCC\bgapi.a(gecko_bgapi_le_connection.c.obj)
 .rodata        0x00027a30       0x18 G:\My Drive\R&D\Firmware Design\KHS2\KHS2\protocol\bluetooth_2.6\lib\EFR32BG1B\GCC\bgapi.a(bgapi_sm.c.obj)
 .rodata        0x00027a48        0x4 G:\My Drive\R&D\Firmware Design\KHS2\KHS2\protocol\bluetooth_2.6\lib\EFR32BG1B\GCC\bgapi.a(gatt_client.c.obj)
 .rodata.str1.4
                0x00027a4c        0x4 c:/siliconlabs/simplicitystudio/v4/developer/toolchains/gnu_arm/4.9_2015q3/bin/../lib/gcc/arm-none-eabi/4.9.3/../../../../arm-none-eabi/lib/armv7e-m/fpu\libc.a(lib_a-impure.o)
                                  0x2 (size before relaxing)
 .rodata._global_impure_ptr
                0x00027a50        0x4 c:/siliconlabs/simplicitystudio/v4/developer/toolchains/gnu_arm/4.9_2015q3/bin/../lib/gcc/arm-none-eabi/4.9.3/../../../../arm-none-eabi/lib/armv7e-m/fpu\libc.a(lib_a-impure.o)
                0x00027a50                _global_impure_ptr
 *(.eh_frame*)
 .eh_frame      0x00027a54        0x0 c:/siliconlabs/simplicitystudio/v4/developer/toolchains/gnu_arm/4.9_2015q3/bin/../lib/gcc/arm-none-eabi/4.9.3/armv7e-m/fpu/crtbegin.o
 .eh_frame      0x00027a54        0x4 c:/siliconlabs/simplicitystudio/v4/developer/toolchains/gnu_arm/4.9_2015q3/bin/../lib/gcc/arm-none-eabi/4.9.3/armv7e-m/fpu/crtend.o
                0x00027a58                . = ALIGN (0x4)

.glue_7         0x00027a58        0x0
 .glue_7        0x00000000        0x0 linker stubs

.glue_7t        0x00027a58        0x0
 .glue_7t       0x00000000        0x0 linker stubs

.vfp11_veneer   0x00027a58        0x0
 .vfp11_veneer  0x00000000        0x0 linker stubs

.v4_bx          0x00027a58        0x0
 .v4_bx         0x00000000        0x0 linker stubs

.iplt           0x00027a58        0x0
 .iplt          0x00000000        0x0 c:/siliconlabs/simplicitystudio/v4/developer/toolchains/gnu_arm/4.9_2015q3/bin/../lib/gcc/arm-none-eabi/4.9.3/armv7e-m/fpu/crtbegin.o

.igot.plt       0x00027a58        0x0
 .igot.plt      0x00000000        0x0 c:/siliconlabs/simplicitystudio/v4/developer/toolchains/gnu_arm/4.9_2015q3/bin/../lib/gcc/arm-none-eabi/4.9.3/armv7e-m/fpu/crtbegin.o

.text_app_ARM.extab
 *(.ARM.extab* .gnu.linkonce.armextab.*)
                0x00027a58                __exidx_start = .

.text_app_ARM.exidx
                0x00027a58        0x8
 *(.ARM.exidx* .gnu.linkonce.armexidx.*)
 .ARM.exidx     0x00027a58        0x8 c:/siliconlabs/simplicitystudio/v4/developer/toolchains/gnu_arm/4.9_2015q3/bin/../lib/gcc/arm-none-eabi/4.9.3/../../../../arm-none-eabi/lib/armv7e-m/fpu/crt0.o
                0x00027a60                __exidx_end = .
                0x00027a60                __etext = .

.rel.dyn        0x00027a60        0x0
 .rel.iplt      0x00000000        0x0 c:/siliconlabs/simplicitystudio/v4/developer/toolchains/gnu_arm/4.9_2015q3/bin/../lib/gcc/arm-none-eabi/4.9.3/armv7e-m/fpu/crtbegin.o

.text_app_data  0x20003000      0x440 load address 0x00027a60
                0x20003000                __data_start__ = .
 *(vtable)
 *(.data*)
 .data.advConnectableMode
                0x20003000        0x1 ./advertisement.o
 .data.bleClientConnection
                0x20003001        0x1 ./app_ble.o
 *fill*         0x20003002        0x2 
 .data.auxHfrcoFreq
                0x20003004        0x4 ./platform/emlib/src/em_cmu.o
 .data.impure_data
                0x20003008      0x428 c:/siliconlabs/simplicitystudio/v4/developer/toolchains/gnu_arm/4.9_2015q3/bin/../lib/gcc/arm-none-eabi/4.9.3/../../../../arm-none-eabi/lib/armv7e-m/fpu\libc.a(lib_a-impure.o)
                0x20003430                . = ALIGN (0x4)
 *(.ram)
                0x20003430                . = ALIGN (0x4)
                0x20003430                PROVIDE (__preinit_array_start, .)
 *(.preinit_array)
                0x20003430                PROVIDE (__preinit_array_end, .)
                0x20003430                . = ALIGN (0x4)
                0x20003430                PROVIDE (__init_array_start, .)
 *(SORT(.init_array.*))
 .init_array.00000
                0x20003430        0x4 c:/siliconlabs/simplicitystudio/v4/developer/toolchains/gnu_arm/4.9_2015q3/bin/../lib/gcc/arm-none-eabi/4.9.3/../../../../arm-none-eabi/lib/armv7e-m/fpu\libc.a(lib_a-__call_atexit.o)
 *(.init_array)
 .init_array    0x20003434        0x4 c:/siliconlabs/simplicitystudio/v4/developer/toolchains/gnu_arm/4.9_2015q3/bin/../lib/gcc/arm-none-eabi/4.9.3/armv7e-m/fpu/crtbegin.o
                0x20003438                PROVIDE (__init_array_end, .)
                0x20003438                . = ALIGN (0x4)
                0x20003438                PROVIDE (__fini_array_start, .)
 *(SORT(.fini_array.*))
 *(.fini_array)
 .fini_array    0x20003438        0x4 c:/siliconlabs/simplicitystudio/v4/developer/toolchains/gnu_arm/4.9_2015q3/bin/../lib/gcc/arm-none-eabi/4.9.3/armv7e-m/fpu/crtbegin.o
                0x2000343c                PROVIDE (__fini_array_end, .)
 *(.jcr*)
 .jcr           0x2000343c        0x0 c:/siliconlabs/simplicitystudio/v4/developer/toolchains/gnu_arm/4.9_2015q3/bin/../lib/gcc/arm-none-eabi/4.9.3/armv7e-m/fpu/crtbegin.o
 .jcr           0x2000343c        0x4 c:/siliconlabs/simplicitystudio/v4/developer/toolchains/gnu_arm/4.9_2015q3/bin/../lib/gcc/arm-none-eabi/4.9.3/armv7e-m/fpu/crtend.o
                0x20003440                . = ALIGN (0x4)
                0x20003440                __data_end__ = .

.bss            0x20003440     0x1f0c load address 0x00027ea0
                0x20003440                . = ALIGN (0x4)
                0x20003440                __bss_start__ = .
 *(.bss*)
 .bss           0x20003440       0x1c c:/siliconlabs/simplicitystudio/v4/developer/toolchains/gnu_arm/4.9_2015q3/bin/../lib/gcc/arm-none-eabi/4.9.3/armv7e-m/fpu/crtbegin.o
 .bss.advIsConnected
                0x2000345c        0x1 ./advertisement.o
 .bss.boot_to_dfu.8788
                0x2000345d        0x1 ./app.o
 .bss.payloadCounter
                0x2000345e        0x2 ./app_ble.o
 .bss.lowAccelGyroBuffer
                0x20003460       0xfb ./app_data.o
 *fill*         0x2000355b        0x5 
 .bss.timeStampLowAccelGyro
                0x20003560        0x8 ./app_data.o
 .bss.putPayloadCounterHighAccel
                0x20003568        0x2 ./app_data.o
 *fill*         0x2000356a        0x2 
 .bss.highAccelBuffer
                0x2000356c       0xfb ./app_data.o
 .bss.indexHighAccel
                0x20003667        0x1 ./app_data.o
 .bss.indexLowAccelGyro
                0x20003668        0x1 ./app_data.o
 *fill*         0x20003669        0x1 
 .bss.putPayloadCounterLowAccelGyro
                0x2000366a        0x2 ./app_data.o
 *fill*         0x2000366c        0x4 
 .bss.timeStampHighAccel
                0x20003670        0x8 ./app_data.o
 .bss.errorFlags
                0x20003678        0x1 ./app_hw.o
 *fill*         0x20003679        0x3 
 .bss.bg_gattdb_data_attribute_field_22_data
                0x2000367c        0x3 ./gatt_db.o
                0x2000367c                bg_gattdb_data_attribute_field_22_data
 *fill*         0x2000367f        0x1 
 .bss.bg_gattdb_data_attribute_field_2_data
                0x20003680        0x4 ./gatt_db.o
                0x20003680                bg_gattdb_data_attribute_field_2_data
 .bss.bg_gattdb_data_attribute_field_24_data
                0x20003684        0x3 ./gatt_db.o
                0x20003684                bg_gattdb_data_attribute_field_24_data
 *fill*         0x20003687        0x1 
 .bss.bg_gattdb_data_attribute_field_19_data
                0x20003688       0xfb ./gatt_db.o
                0x20003688                bg_gattdb_data_attribute_field_19_data
 *fill*         0x20003783        0x1 
 .bss.head      0x20003784        0x2 ./payloadbuffer.o
 .bss.tail      0x20003786        0x2 ./payloadbuffer.o
 .bss.initializedFlag
                0x20003788        0x1 ./hardware/kit/common/drivers/h3lis331dl.o
 *fill*         0x20003789        0x3 
 .bss.ret.6154  0x2000378c        0x4 ./hardware/kit/common/drivers/h3lis331dl.o
 .bss.i2cPortH3lis331dl
                0x20003790        0x4 ./hardware/kit/common/drivers/h3lis331dl.o
 .bss.i2cAddrH3lis331dl
                0x20003794        0x1 ./hardware/kit/common/drivers/h3lis331dl.o
 .bss.portSetupFlag
                0x20003795        0x1 ./hardware/kit/common/drivers/h3lis331dl.o
 *fill*         0x20003796        0x2 
 .bss.ret.6140  0x20003798        0x4 ./hardware/kit/common/drivers/i2cspm.o
 .bss.i2cPortLsm6dsl
                0x2000379c        0x4 ./hardware/kit/common/drivers/lsm6dsl.o
 .bss.i2cAddrLsm6dsl
                0x200037a0        0x1 ./hardware/kit/common/drivers/lsm6dsl.o
 .bss.initializedFlag
                0x200037a1        0x1 ./hardware/kit/common/drivers/lsm6dsl.o
 .bss.portSetupFlag
                0x200037a2        0x1 ./hardware/kit/common/drivers/lsm6dsl.o
 .bss.commMode  0x200037a3        0x1 ./hardware/kit/common/drivers/lsm6dsl.o
 .bss.chTable   0x200037a4       0xa0 ./platform/emdrv/dmadrv/src/dmadrv.o
 .bss.dmaXfer   0x20003844      0x100 ./platform/emdrv/dmadrv/src/dmadrv.o
 .bss.gpioCallbacks
                0x20003944       0x40 ./platform/emdrv/gpiointerrupt/src/gpiointerrupt.o
 *fill*         0x20003984        0x4 
 .bss.leCounter
                0x20003988        0x8 ./platform/emdrv/letimer/src/letimer.o
 .bss.msCounter
                0x20003990        0x8 ./platform/emdrv/mstimer/src/mstimer.o
 .bss.i2cTransfer
                0x20003998       0x10 ./platform/emlib/src/em_i2c.o
 .bss           0x200039a8        0x4 G:\My Drive\R&D\Firmware Design\KHS2\KHS2\protocol\bluetooth_2.6\lib\EFR32BG1B\GCC\bgapi.a(bgapi_hardware.c.obj)
 .bss           0x200039ac        0x5 G:\My Drive\R&D\Firmware Design\KHS2\KHS2\protocol\bluetooth_2.6\lib\EFR32BG1B\GCC\bgapi.a(bgapi_test_lib.c.obj)
 *fill*         0x200039b1        0x1 
 .bss           0x200039b2        0x2 G:\My Drive\R&D\Firmware Design\KHS2\KHS2\protocol\bluetooth_2.6\lib\EFR32BG1B\GCC\bgapi.a(bgapi_gap.c.obj)
                0x200039b2                legacy_maxadv_events
 .bss           0x200039b4        0x4 G:\My Drive\R&D\Firmware Design\KHS2\KHS2\protocol\bluetooth_2.6\lib\EFR32BG1B\GCC\bgapi.a(bgapi_ps.c.obj)
 .bss           0x200039b8        0x4 G:\My Drive\R&D\Firmware Design\KHS2\KHS2\protocol\bluetooth_2.6\lib\EFR32BG1B\GCC\bgapi.a(bgapi_sm.c.obj)
 .bss           0x200039bc        0x4 G:\My Drive\R&D\Firmware Design\KHS2\KHS2\protocol\bluetooth_2.6\lib\EFR32BG1B\GCC\bgapi.a(bgapi_system.c.obj)
 *(COMMON)
 COMMON         0x200039c0     0x1988 ./main.o
                0x200039c0                bluetooth_stack_heap
 COMMON         0x20005348        0x4 G:\My Drive\R&D\Firmware Design\KHS2\KHS2\protocol\bluetooth_2.6\lib\EFR32BG1B\GCC\bgapi.a(bgapi_test_lib.c.obj)
                0x20005348                msg_sender
                0x2000534c                . = ALIGN (0x4)
                0x2000534c                __bss_end__ = .

.heap           0x20005350      0xc00
                0x20005350                __HeapBase = .
                0x20005350                __end__ = .
                0x20005350                end = __end__
                0x20005350                _end = __end__
 *(.heap*)
 .heap          0x20005350      0xc00 ./platform/Device/SiliconLabs/EFR32BG1B/Source/GCC/startup_efr32bg1b.o
                0x20005f50                __HeapLimit = .

.stack_dummy    0x20005f50      0x400
 *(.stack*)
 .stack         0x20005f50      0x400 ./platform/Device/SiliconLabs/EFR32BG1B/Source/GCC/startup_efr32bg1b.o
                0x20007bfc                __StackTop = (ORIGIN (RAM) + 0x4bfc)
                0x200077fc                __StackLimit = (__StackTop - SIZEOF (.stack_dummy))
                0x20007bfc                PROVIDE (__stack, __StackTop)
                0x00000001                ASSERT ((__StackLimit >= __HeapLimit), region RAM overflowed with stack)
                0x00000001                ASSERT ((0x3f000 >= (__etext + SIZEOF (.text_app_data))), FLASH memory overflowed !)
OUTPUT(KHS2.axf elf32-littlearm)

.ARM.attributes
                0x00000000       0x30
 .ARM.attributes
                0x00000000       0x22 c:/siliconlabs/simplicitystudio/v4/developer/toolchains/gnu_arm/4.9_2015q3/bin/../lib/gcc/arm-none-eabi/4.9.3/armv7e-m/fpu/crti.o
 .ARM.attributes
                0x00000022       0x34 c:/siliconlabs/simplicitystudio/v4/developer/toolchains/gnu_arm/4.9_2015q3/bin/../lib/gcc/arm-none-eabi/4.9.3/armv7e-m/fpu/crtbegin.o
 .ARM.attributes
                0x00000056       0x20 c:/siliconlabs/simplicitystudio/v4/developer/toolchains/gnu_arm/4.9_2015q3/bin/../lib/gcc/arm-none-eabi/4.9.3/../../../../arm-none-eabi/lib/armv7e-m/fpu/crt0.o
 .ARM.attributes
                0x00000076       0x39 ./advertisement.o
 .ARM.attributes
                0x000000af       0x39 ./app.o
 .ARM.attributes
                0x000000e8       0x39 ./app_ble.o
 .ARM.attributes
                0x00000121       0x39 ./app_data.o
 .ARM.attributes
                0x0000015a       0x39 ./app_hw.o
 .ARM.attributes
                0x00000193       0x39 ./application_properties.o
 .ARM.attributes
                0x000001cc       0x39 ./board.o
 .ARM.attributes
                0x00000205       0x39 ./gatt_db.o
 .ARM.attributes
                0x0000023e       0x39 ./main.o
 .ARM.attributes
                0x00000277       0x39 ./mcu.o
 .ARM.attributes
                0x000002b0       0x39 ./payloadbuffer.o
 .ARM.attributes
                0x000002e9       0x39 ./hardware/kit/common/bsp/bsp_trace.o
 .ARM.attributes
                0x00000322       0x39 ./hardware/kit/common/drivers/h3lis331dl.o
 .ARM.attributes
                0x0000035b       0x39 ./hardware/kit/common/drivers/i2cspm.o
 .ARM.attributes
                0x00000394       0x39 ./hardware/kit/common/drivers/lsm6dsl.o
 .ARM.attributes
                0x000003cd       0x39 ./hardware/kit/common/drivers/retargetswo.o
 .ARM.attributes
                0x00000406       0x39 ./hardware/kit/common/drivers/s23lc1024.o
 .ARM.attributes
                0x0000043f       0x39 ./platform/Device/SiliconLabs/EFR32BG1B/Source/GCC/startup_efr32bg1b.o
 .ARM.attributes
                0x00000478       0x39 ./platform/emdrv/adc/src/adc.o
 .ARM.attributes
                0x000004b1       0x39 ./platform/emdrv/dmadrv/src/dmadrv.o
 .ARM.attributes
                0x000004ea       0x39 ./platform/emdrv/gpiointerrupt/src/gpiointerrupt.o
 .ARM.attributes
                0x00000523       0x39 ./platform/emdrv/letimer/src/letimer.o
 .ARM.attributes
                0x0000055c       0x39 ./platform/emdrv/mstimer/src/mstimer.o
 .ARM.attributes
                0x00000595       0x39 ./platform/emlib/src/em_adc.o
 .ARM.attributes
                0x000005ce       0x39 ./platform/emlib/src/em_cmu.o
 .ARM.attributes
                0x00000607       0x39 ./platform/emlib/src/em_gpio.o
 .ARM.attributes
                0x00000640       0x39 ./platform/emlib/src/em_i2c.o
 .ARM.attributes
                0x00000679       0x39 ./platform/emlib/src/em_letimer.o
 .ARM.attributes
                0x000006b2       0x39 ./platform/emlib/src/em_system.o
 .ARM.attributes
                0x000006eb       0x39 ./platform/emlib/src/em_usart.o
 .ARM.attributes
                0x00000724       0x1c G:\My Drive\R&D\Firmware Design\KHS2\KHS2\protocol\bluetooth_2.6\lib\EFR32BG1B\EABI\binbootloader.o
 .ARM.attributes
                0x00000740       0x1c G:\My Drive\R&D\Firmware Design\KHS2\KHS2\protocol\bluetooth_2.6\lib\EFR32BG1B\EABI\binstack.o
 .ARM.attributes
                0x0000075c       0x39 G:\My Drive\R&D\Firmware Design\KHS2\KHS2\protocol\bluetooth_2.6\lib\EFR32BG1B\GCC\bgapi.a(gecko_bgapi_hardware.c.obj)
 .ARM.attributes
                0x00000795       0x39 G:\My Drive\R&D\Firmware Design\KHS2\KHS2\protocol\bluetooth_2.6\lib\EFR32BG1B\GCC\bgapi.a(gecko_bgapi_test.c.obj)
 .ARM.attributes
                0x000007ce       0x39 G:\My Drive\R&D\Firmware Design\KHS2\KHS2\protocol\bluetooth_2.6\lib\EFR32BG1B\GCC\bgapi.a(gecko_bgapi_dfu.c.obj)
 .ARM.attributes
                0x00000807       0x39 G:\My Drive\R&D\Firmware Design\KHS2\KHS2\protocol\bluetooth_2.6\lib\EFR32BG1B\GCC\bgapi.a(gecko_bgapi_gap.c.obj)
 .ARM.attributes
                0x00000840       0x39 G:\My Drive\R&D\Firmware Design\KHS2\KHS2\protocol\bluetooth_2.6\lib\EFR32BG1B\GCC\bgapi.a(gecko_bgapi_gatt.c.obj)
 .ARM.attributes
                0x00000879       0x39 G:\My Drive\R&D\Firmware Design\KHS2\KHS2\protocol\bluetooth_2.6\lib\EFR32BG1B\GCC\bgapi.a(gecko_bgapi_gatt_server.c.obj)
 .ARM.attributes
                0x000008b2       0x39 G:\My Drive\R&D\Firmware Design\KHS2\KHS2\protocol\bluetooth_2.6\lib\EFR32BG1B\GCC\bgapi.a(gecko_bgapi_flash.c.obj)
 .ARM.attributes
                0x000008eb       0x39 G:\My Drive\R&D\Firmware Design\KHS2\KHS2\protocol\bluetooth_2.6\lib\EFR32BG1B\GCC\bgapi.a(gecko_bgapi_sm.c.obj)
 .ARM.attributes
                0x00000924       0x39 G:\My Drive\R&D\Firmware Design\KHS2\KHS2\protocol\bluetooth_2.6\lib\EFR32BG1B\GCC\bgapi.a(gecko_bgapi_system.c.obj)
 .ARM.attributes
                0x0000095d       0x39 G:\My Drive\R&D\Firmware Design\KHS2\KHS2\protocol\bluetooth_2.6\lib\EFR32BG1B\GCC\bgapi.a(gecko_bgapi_endpoint.c.obj)
 .ARM.attributes
                0x00000996       0x39 G:\My Drive\R&D\Firmware Design\KHS2\KHS2\protocol\bluetooth_2.6\lib\EFR32BG1B\GCC\bgapi.a(gecko_bgapi_le_connection.c.obj)
 .ARM.attributes
                0x000009cf       0x39 G:\My Drive\R&D\Firmware Design\KHS2\KHS2\protocol\bluetooth_2.6\lib\EFR32BG1B\GCC\bgapi.a(bgapi_hardware.c.obj)
 .ARM.attributes
                0x00000a08       0x39 G:\My Drive\R&D\Firmware Design\KHS2\KHS2\protocol\bluetooth_2.6\lib\EFR32BG1B\GCC\bgapi.a(bgapi_test_lib.c.obj)
 .ARM.attributes
                0x00000a41       0x39 G:\My Drive\R&D\Firmware Design\KHS2\KHS2\protocol\bluetooth_2.6\lib\EFR32BG1B\GCC\bgapi.a(bgapi_dfu.c.obj)
 .ARM.attributes
                0x00000a7a       0x39 G:\My Drive\R&D\Firmware Design\KHS2\KHS2\protocol\bluetooth_2.6\lib\EFR32BG1B\GCC\bgapi.a(bgapi_gap.c.obj)
 .ARM.attributes
                0x00000ab3       0x39 G:\My Drive\R&D\Firmware Design\KHS2\KHS2\protocol\bluetooth_2.6\lib\EFR32BG1B\GCC\bgapi.a(bgapi_gatt_lib.c.obj)
 .ARM.attributes
                0x00000aec       0x39 G:\My Drive\R&D\Firmware Design\KHS2\KHS2\protocol\bluetooth_2.6\lib\EFR32BG1B\GCC\bgapi.a(bgapi_ps.c.obj)
 .ARM.attributes
                0x00000b25       0x39 G:\My Drive\R&D\Firmware Design\KHS2\KHS2\protocol\bluetooth_2.6\lib\EFR32BG1B\GCC\bgapi.a(bgapi_sm.c.obj)
 .ARM.attributes
                0x00000b5e       0x39 G:\My Drive\R&D\Firmware Design\KHS2\KHS2\protocol\bluetooth_2.6\lib\EFR32BG1B\GCC\bgapi.a(bgapi_system.c.obj)
 .ARM.attributes
                0x00000b97       0x39 G:\My Drive\R&D\Firmware Design\KHS2\KHS2\protocol\bluetooth_2.6\lib\EFR32BG1B\GCC\bgapi.a(bgapi_endpoint.c.obj)
 .ARM.attributes
                0x00000bd0       0x39 G:\My Drive\R&D\Firmware Design\KHS2\KHS2\protocol\bluetooth_2.6\lib\EFR32BG1B\GCC\bgapi.a(bgapi_le_connection.c.obj)
 .ARM.attributes
                0x00000c09       0x39 G:\My Drive\R&D\Firmware Design\KHS2\KHS2\protocol\bluetooth_2.6\lib\EFR32BG1B\GCC\bgapi.a(gatt_client.c.obj)
 .ARM.attributes
                0x00000c42       0x39 G:\My Drive\R&D\Firmware Design\KHS2\KHS2\protocol\bluetooth_2.6\lib\EFR32BG1B\GCC\bgapi.a(ubt_gatt_client.c.obj)
 .ARM.attributes
                0x00000c7b       0x39 G:\My Drive\R&D\Firmware Design\KHS2\KHS2\protocol\bluetooth_2.6\lib\EFR32BG1B\GCC\bgapi.a(att_client.c.obj)
 .ARM.attributes
                0x00000cb4       0x34 c:/siliconlabs/simplicitystudio/v4/developer/toolchains/gnu_arm/4.9_2015q3/bin/../lib/gcc/arm-none-eabi/4.9.3/../../../../arm-none-eabi/lib/armv7e-m/fpu\libc.a(lib_a-exit.o)
 .ARM.attributes
                0x00000ce8       0x34 c:/siliconlabs/simplicitystudio/v4/developer/toolchains/gnu_arm/4.9_2015q3/bin/../lib/gcc/arm-none-eabi/4.9.3/../../../../arm-none-eabi/lib/armv7e-m/fpu\libc.a(lib_a-impure.o)
 .ARM.attributes
                0x00000d1c       0x34 c:/siliconlabs/simplicitystudio/v4/developer/toolchains/gnu_arm/4.9_2015q3/bin/../lib/gcc/arm-none-eabi/4.9.3/../../../../arm-none-eabi/lib/armv7e-m/fpu\libc.a(lib_a-init.o)
 .ARM.attributes
                0x00000d50       0x20 c:/siliconlabs/simplicitystudio/v4/developer/toolchains/gnu_arm/4.9_2015q3/bin/../lib/gcc/arm-none-eabi/4.9.3/../../../../arm-none-eabi/lib/armv7e-m/fpu\libc.a(lib_a-memcpy.o)
 .ARM.attributes
                0x00000d70       0x34 c:/siliconlabs/simplicitystudio/v4/developer/toolchains/gnu_arm/4.9_2015q3/bin/../lib/gcc/arm-none-eabi/4.9.3/../../../../arm-none-eabi/lib/armv7e-m/fpu\libc.a(lib_a-memset.o)
 .ARM.attributes
                0x00000da4       0x34 c:/siliconlabs/simplicitystudio/v4/developer/toolchains/gnu_arm/4.9_2015q3/bin/../lib/gcc/arm-none-eabi/4.9.3/../../../../arm-none-eabi/lib/armv7e-m/fpu\libc.a(lib_a-__call_atexit.o)
 .ARM.attributes
                0x00000dd8       0x34 c:/siliconlabs/simplicitystudio/v4/developer/toolchains/gnu_arm/4.9_2015q3/bin/../lib/gcc/arm-none-eabi/4.9.3/../../../../arm-none-eabi/lib/armv7e-m/fpu\libc.a(lib_a-atexit.o)
 .ARM.attributes
                0x00000e0c       0x34 c:/siliconlabs/simplicitystudio/v4/developer/toolchains/gnu_arm/4.9_2015q3/bin/../lib/gcc/arm-none-eabi/4.9.3/../../../../arm-none-eabi/lib/armv7e-m/fpu\libc.a(lib_a-fini.o)
 .ARM.attributes
                0x00000e40       0x34 c:/siliconlabs/simplicitystudio/v4/developer/toolchains/gnu_arm/4.9_2015q3/bin/../lib/gcc/arm-none-eabi/4.9.3/../../../../arm-none-eabi/lib/armv7e-m/fpu\libc.a(lib_a-__atexit.o)
 .ARM.attributes
                0x00000e74       0x34 c:/siliconlabs/simplicitystudio/v4/developer/toolchains/gnu_arm/4.9_2015q3/bin/../lib/gcc/arm-none-eabi/4.9.3/../../../../arm-none-eabi/lib/armv7e-m/fpu\libnosys.a(_exit.o)
 .ARM.attributes
                0x00000ea8       0x34 c:/siliconlabs/simplicitystudio/v4/developer/toolchains/gnu_arm/4.9_2015q3/bin/../lib/gcc/arm-none-eabi/4.9.3/armv7e-m/fpu/crtend.o
 .ARM.attributes
                0x00000edc       0x22 c:/siliconlabs/simplicitystudio/v4/developer/toolchains/gnu_arm/4.9_2015q3/bin/../lib/gcc/arm-none-eabi/4.9.3/armv7e-m/fpu/crtn.o

.comment        0x00000000       0x70
 .comment       0x00000000       0x70 ./advertisement.o
                                 0x71 (size before relaxing)
 .comment       0x00000000       0x71 ./app.o
 .comment       0x00000000       0x71 ./app_ble.o
 .comment       0x00000000       0x71 ./app_data.o
 .comment       0x00000000       0x71 ./app_hw.o
 .comment       0x00000000       0x71 ./application_properties.o
 .comment       0x00000000       0x71 ./board.o
 .comment       0x00000000       0x71 ./gatt_db.o
 .comment       0x00000000       0x71 ./main.o
 .comment       0x00000000       0x71 ./mcu.o
 .comment       0x00000000       0x71 ./payloadbuffer.o
 .comment       0x00000000       0x71 ./hardware/kit/common/bsp/bsp_trace.o
 .comment       0x00000000       0x71 ./hardware/kit/common/drivers/h3lis331dl.o
 .comment       0x00000000       0x71 ./hardware/kit/common/drivers/i2cspm.o
 .comment       0x00000000       0x71 ./hardware/kit/common/drivers/lsm6dsl.o
 .comment       0x00000000       0x71 ./hardware/kit/common/drivers/retargetswo.o
 .comment       0x00000000       0x71 ./hardware/kit/common/drivers/s23lc1024.o
 .comment       0x00000000       0x71 ./platform/Device/SiliconLabs/EFR32BG1B/Source/GCC/startup_efr32bg1b.o
 .comment       0x00000000       0x71 ./platform/emdrv/adc/src/adc.o
 .comment       0x00000000       0x71 ./platform/emdrv/dmadrv/src/dmadrv.o
 .comment       0x00000000       0x71 ./platform/emdrv/gpiointerrupt/src/gpiointerrupt.o
 .comment       0x00000000       0x71 ./platform/emdrv/letimer/src/letimer.o
 .comment       0x00000000       0x71 ./platform/emdrv/mstimer/src/mstimer.o
 .comment       0x00000000       0x71 ./platform/emlib/src/em_adc.o
 .comment       0x00000000       0x71 ./platform/emlib/src/em_cmu.o
 .comment       0x00000000       0x71 ./platform/emlib/src/em_gpio.o
 .comment       0x00000000       0x71 ./platform/emlib/src/em_i2c.o
 .comment       0x00000000       0x71 ./platform/emlib/src/em_letimer.o
 .comment       0x00000000       0x71 ./platform/emlib/src/em_system.o
 .comment       0x00000000       0x71 ./platform/emlib/src/em_usart.o
 .comment       0x00000000       0x71 G:\My Drive\R&D\Firmware Design\KHS2\KHS2\protocol\bluetooth_2.6\lib\EFR32BG1B\GCC\bgapi.a(gecko_bgapi_hardware.c.obj)
 .comment       0x00000000       0x71 G:\My Drive\R&D\Firmware Design\KHS2\KHS2\protocol\bluetooth_2.6\lib\EFR32BG1B\GCC\bgapi.a(gecko_bgapi_test.c.obj)
 .comment       0x00000000       0x71 G:\My Drive\R&D\Firmware Design\KHS2\KHS2\protocol\bluetooth_2.6\lib\EFR32BG1B\GCC\bgapi.a(gecko_bgapi_dfu.c.obj)
 .comment       0x00000000       0x71 G:\My Drive\R&D\Firmware Design\KHS2\KHS2\protocol\bluetooth_2.6\lib\EFR32BG1B\GCC\bgapi.a(gecko_bgapi_gap.c.obj)
 .comment       0x00000000       0x71 G:\My Drive\R&D\Firmware Design\KHS2\KHS2\protocol\bluetooth_2.6\lib\EFR32BG1B\GCC\bgapi.a(gecko_bgapi_gatt.c.obj)
 .comment       0x00000000       0x71 G:\My Drive\R&D\Firmware Design\KHS2\KHS2\protocol\bluetooth_2.6\lib\EFR32BG1B\GCC\bgapi.a(gecko_bgapi_gatt_server.c.obj)
 .comment       0x00000000       0x71 G:\My Drive\R&D\Firmware Design\KHS2\KHS2\protocol\bluetooth_2.6\lib\EFR32BG1B\GCC\bgapi.a(gecko_bgapi_flash.c.obj)
 .comment       0x00000000       0x71 G:\My Drive\R&D\Firmware Design\KHS2\KHS2\protocol\bluetooth_2.6\lib\EFR32BG1B\GCC\bgapi.a(gecko_bgapi_sm.c.obj)
 .comment       0x00000000       0x71 G:\My Drive\R&D\Firmware Design\KHS2\KHS2\protocol\bluetooth_2.6\lib\EFR32BG1B\GCC\bgapi.a(gecko_bgapi_system.c.obj)
 .comment       0x00000000       0x71 G:\My Drive\R&D\Firmware Design\KHS2\KHS2\protocol\bluetooth_2.6\lib\EFR32BG1B\GCC\bgapi.a(gecko_bgapi_endpoint.c.obj)
 .comment       0x00000000       0x71 G:\My Drive\R&D\Firmware Design\KHS2\KHS2\protocol\bluetooth_2.6\lib\EFR32BG1B\GCC\bgapi.a(gecko_bgapi_le_connection.c.obj)
 .comment       0x00000000       0x71 G:\My Drive\R&D\Firmware Design\KHS2\KHS2\protocol\bluetooth_2.6\lib\EFR32BG1B\GCC\bgapi.a(bgapi_hardware.c.obj)
 .comment       0x00000000       0x71 G:\My Drive\R&D\Firmware Design\KHS2\KHS2\protocol\bluetooth_2.6\lib\EFR32BG1B\GCC\bgapi.a(bgapi_test_lib.c.obj)
 .comment       0x00000000       0x71 G:\My Drive\R&D\Firmware Design\KHS2\KHS2\protocol\bluetooth_2.6\lib\EFR32BG1B\GCC\bgapi.a(bgapi_dfu.c.obj)
 .comment       0x00000000       0x71 G:\My Drive\R&D\Firmware Design\KHS2\KHS2\protocol\bluetooth_2.6\lib\EFR32BG1B\GCC\bgapi.a(bgapi_gap.c.obj)
 .comment       0x00000000       0x71 G:\My Drive\R&D\Firmware Design\KHS2\KHS2\protocol\bluetooth_2.6\lib\EFR32BG1B\GCC\bgapi.a(bgapi_gatt_lib.c.obj)
 .comment       0x00000000       0x71 G:\My Drive\R&D\Firmware Design\KHS2\KHS2\protocol\bluetooth_2.6\lib\EFR32BG1B\GCC\bgapi.a(bgapi_ps.c.obj)
 .comment       0x00000000       0x71 G:\My Drive\R&D\Firmware Design\KHS2\KHS2\protocol\bluetooth_2.6\lib\EFR32BG1B\GCC\bgapi.a(bgapi_sm.c.obj)
 .comment       0x00000000       0x71 G:\My Drive\R&D\Firmware Design\KHS2\KHS2\protocol\bluetooth_2.6\lib\EFR32BG1B\GCC\bgapi.a(bgapi_system.c.obj)
 .comment       0x00000000       0x71 G:\My Drive\R&D\Firmware Design\KHS2\KHS2\protocol\bluetooth_2.6\lib\EFR32BG1B\GCC\bgapi.a(bgapi_endpoint.c.obj)
 .comment       0x00000000       0x71 G:\My Drive\R&D\Firmware Design\KHS2\KHS2\protocol\bluetooth_2.6\lib\EFR32BG1B\GCC\bgapi.a(bgapi_le_connection.c.obj)
 .comment       0x00000000       0x71 G:\My Drive\R&D\Firmware Design\KHS2\KHS2\protocol\bluetooth_2.6\lib\EFR32BG1B\GCC\bgapi.a(gatt_client.c.obj)
 .comment       0x00000000       0x71 G:\My Drive\R&D\Firmware Design\KHS2\KHS2\protocol\bluetooth_2.6\lib\EFR32BG1B\GCC\bgapi.a(ubt_gatt_client.c.obj)
 .comment       0x00000000       0x71 G:\My Drive\R&D\Firmware Design\KHS2\KHS2\protocol\bluetooth_2.6\lib\EFR32BG1B\GCC\bgapi.a(att_client.c.obj)

.debug_info     0x00000000    0x2b24a
 .debug_info    0x00000000     0x37ca ./advertisement.o
 .debug_info    0x000037ca     0x3daa ./app.o
 .debug_info    0x00007574     0x3fc4 ./app_ble.o
 .debug_info    0x0000b538     0x39d8 ./app_data.o
 .debug_info    0x0000ef10      0x450 ./app_hw.o
 .debug_info    0x0000f360      0x168 ./application_properties.o
 .debug_info    0x0000f4c8      0x27f ./board.o
 .debug_info    0x0000f747      0x61c ./gatt_db.o
 .debug_info    0x0000fd63     0x43ec ./main.o
 .debug_info    0x0001414f     0x1627 ./mcu.o
 .debug_info    0x00015776      0x394 ./payloadbuffer.o
 .debug_info    0x00015b0a     0x100d ./hardware/kit/common/bsp/bsp_trace.o
 .debug_info    0x00016b17      0xe98 ./hardware/kit/common/drivers/h3lis331dl.o
 .debug_info    0x000179af      0xb3b ./hardware/kit/common/drivers/i2cspm.o
 .debug_info    0x000184ea     0x11ed ./hardware/kit/common/drivers/lsm6dsl.o
 .debug_info    0x000196d7      0x4f1 ./hardware/kit/common/drivers/retargetswo.o
 .debug_info    0x00019bc8     0x184f ./hardware/kit/common/drivers/s23lc1024.o
 .debug_info    0x0001b417      0x1c4 ./platform/Device/SiliconLabs/EFR32BG1B/Source/GCC/startup_efr32bg1b.o
 .debug_info    0x0001b5db     0x109f ./platform/emdrv/adc/src/adc.o
 .debug_info    0x0001c67a     0x1851 ./platform/emdrv/dmadrv/src/dmadrv.o
 .debug_info    0x0001decb      0x8ae ./platform/emdrv/gpiointerrupt/src/gpiointerrupt.o
 .debug_info    0x0001e779     0x3fc2 ./platform/emdrv/letimer/src/letimer.o
 .debug_info    0x0002273b      0xe7c ./platform/emdrv/mstimer/src/mstimer.o
 .debug_info    0x000235b7     0x1cbe ./platform/emlib/src/em_adc.o
 .debug_info    0x00025275     0x2de1 ./platform/emlib/src/em_cmu.o
 .debug_info    0x00028056      0xe6e ./platform/emlib/src/em_gpio.o
 .debug_info    0x00028ec4      0xb31 ./platform/emlib/src/em_i2c.o
 .debug_info    0x000299f5      0x501 ./platform/emlib/src/em_letimer.o
 .debug_info    0x00029ef6      0x277 ./platform/emlib/src/em_system.o
 .debug_info    0x0002a16d     0x10dd ./platform/emlib/src/em_usart.o

.debug_abbrev   0x00000000     0x4694
 .debug_abbrev  0x00000000      0x1da ./advertisement.o
 .debug_abbrev  0x000001da      0x23d ./app.o
 .debug_abbrev  0x00000417      0x33d ./app_ble.o
 .debug_abbrev  0x00000754      0x210 ./app_data.o
 .debug_abbrev  0x00000964      0x1cc ./app_hw.o
 .debug_abbrev  0x00000b30       0x97 ./application_properties.o
 .debug_abbrev  0x00000bc7      0x10f ./board.o
 .debug_abbrev  0x00000cd6       0xbd ./gatt_db.o
 .debug_abbrev  0x00000d93      0x372 ./main.o
 .debug_abbrev  0x00001105      0x22a ./mcu.o
 .debug_abbrev  0x0000132f      0x182 ./payloadbuffer.o
 .debug_abbrev  0x000014b1      0x1e8 ./hardware/kit/common/bsp/bsp_trace.o
 .debug_abbrev  0x00001699      0x323 ./hardware/kit/common/drivers/h3lis331dl.o
 .debug_abbrev  0x000019bc      0x2a3 ./hardware/kit/common/drivers/i2cspm.o
 .debug_abbrev  0x00001c5f      0x32b ./hardware/kit/common/drivers/lsm6dsl.o
 .debug_abbrev  0x00001f8a      0x214 ./hardware/kit/common/drivers/retargetswo.o
 .debug_abbrev  0x0000219e      0x2ee ./hardware/kit/common/drivers/s23lc1024.o
 .debug_abbrev  0x0000248c      0x106 ./platform/Device/SiliconLabs/EFR32BG1B/Source/GCC/startup_efr32bg1b.o
 .debug_abbrev  0x00002592      0x1ee ./platform/emdrv/adc/src/adc.o
 .debug_abbrev  0x00002780      0x382 ./platform/emdrv/dmadrv/src/dmadrv.o
 .debug_abbrev  0x00002b02      0x2ad ./platform/emdrv/gpiointerrupt/src/gpiointerrupt.o
 .debug_abbrev  0x00002daf      0x2c3 ./platform/emdrv/letimer/src/letimer.o
 .debug_abbrev  0x00003072      0x288 ./platform/emdrv/mstimer/src/mstimer.o
 .debug_abbrev  0x000032fa      0x308 ./platform/emlib/src/em_adc.o
 .debug_abbrev  0x00003602      0x454 ./platform/emlib/src/em_cmu.o
 .debug_abbrev  0x00003a56      0x2d8 ./platform/emlib/src/em_gpio.o
 .debug_abbrev  0x00003d2e      0x38a ./platform/emlib/src/em_i2c.o
 .debug_abbrev  0x000040b8      0x1c1 ./platform/emlib/src/em_letimer.o
 .debug_abbrev  0x00004279      0x118 ./platform/emlib/src/em_system.o
 .debug_abbrev  0x00004391      0x303 ./platform/emlib/src/em_usart.o

.debug_loc      0x00000000     0x843f
 .debug_loc     0x00000000       0x74 ./advertisement.o
 .debug_loc     0x00000074      0x375 ./app.o
 .debug_loc     0x000003e9      0x29c ./app_ble.o
 .debug_loc     0x00000685       0xb4 ./app_data.o
 .debug_loc     0x00000739       0x44 ./app_hw.o
 .debug_loc     0x0000077d       0x2c ./board.o
 .debug_loc     0x000007a9       0x46 ./main.o
 .debug_loc     0x000007ef      0x10d ./mcu.o
 .debug_loc     0x000008fc      0x2d5 ./payloadbuffer.o
 .debug_loc     0x00000bd1       0xc6 ./hardware/kit/common/bsp/bsp_trace.o
 .debug_loc     0x00000c97      0x4e5 ./hardware/kit/common/drivers/h3lis331dl.o
 .debug_loc     0x0000117c      0x270 ./hardware/kit/common/drivers/i2cspm.o
 .debug_loc     0x000013ec      0xa6f ./hardware/kit/common/drivers/lsm6dsl.o
 .debug_loc     0x00001e5b       0xe6 ./hardware/kit/common/drivers/retargetswo.o
 .debug_loc     0x00001f41      0x679 ./hardware/kit/common/drivers/s23lc1024.o
 .debug_loc     0x000025ba       0x4b ./platform/Device/SiliconLabs/EFR32BG1B/Source/GCC/startup_efr32bg1b.o
 .debug_loc     0x00002605       0x38 ./platform/emdrv/adc/src/adc.o
 .debug_loc     0x0000263d     0x10da ./platform/emdrv/dmadrv/src/dmadrv.o
 .debug_loc     0x00003717      0x14f ./platform/emdrv/gpiointerrupt/src/gpiointerrupt.o
 .debug_loc     0x00003866       0xc0 ./platform/emdrv/letimer/src/letimer.o
 .debug_loc     0x00003926      0x135 ./platform/emdrv/mstimer/src/mstimer.o
 .debug_loc     0x00003a5b      0xc10 ./platform/emlib/src/em_adc.o
 .debug_loc     0x0000466b     0x24af ./platform/emlib/src/em_cmu.o
 .debug_loc     0x00006b1a      0x636 ./platform/emlib/src/em_gpio.o
 .debug_loc     0x00007150      0x859 ./platform/emlib/src/em_i2c.o
 .debug_loc     0x000079a9      0x2ab ./platform/emlib/src/em_letimer.o
 .debug_loc     0x00007c54       0x9c ./platform/emlib/src/em_system.o
 .debug_loc     0x00007cf0      0x74f ./platform/emlib/src/em_usart.o

.debug_aranges  0x00000000      0x838
 .debug_aranges
                0x00000000       0x30 ./advertisement.o
 .debug_aranges
                0x00000030       0x28 ./app.o
 .debug_aranges
                0x00000058       0x48 ./app_ble.o
 .debug_aranges
                0x000000a0       0x30 ./app_data.o
 .debug_aranges
                0x000000d0       0x30 ./app_hw.o
 .debug_aranges
                0x00000100       0x18 ./application_properties.o
 .debug_aranges
                0x00000118       0x20 ./board.o
 .debug_aranges
                0x00000138       0x18 ./gatt_db.o
 .debug_aranges
                0x00000150       0x20 ./main.o
 .debug_aranges
                0x00000170       0x20 ./mcu.o
 .debug_aranges
                0x00000190       0x30 ./payloadbuffer.o
 .debug_aranges
                0x000001c0       0x28 ./hardware/kit/common/bsp/bsp_trace.o
 .debug_aranges
                0x000001e8       0x48 ./hardware/kit/common/drivers/h3lis331dl.o
 .debug_aranges
                0x00000230       0x28 ./hardware/kit/common/drivers/i2cspm.o
 .debug_aranges
                0x00000258       0x60 ./hardware/kit/common/drivers/lsm6dsl.o
 .debug_aranges
                0x000002b8       0x38 ./hardware/kit/common/drivers/retargetswo.o
 .debug_aranges
                0x000002f0       0x50 ./hardware/kit/common/drivers/s23lc1024.o
 .debug_aranges
                0x00000340       0x28 ./platform/Device/SiliconLabs/EFR32BG1B/Source/GCC/startup_efr32bg1b.o
 .debug_aranges
                0x00000368       0x28 ./platform/emdrv/adc/src/adc.o
 .debug_aranges
                0x00000390       0xa0 ./platform/emdrv/dmadrv/src/dmadrv.o
 .debug_aranges
                0x00000430       0x40 ./platform/emdrv/gpiointerrupt/src/gpiointerrupt.o
 .debug_aranges
                0x00000470       0x38 ./platform/emdrv/letimer/src/letimer.o
 .debug_aranges
                0x000004a8       0x38 ./platform/emdrv/mstimer/src/mstimer.o
 .debug_aranges
                0x000004e0       0x70 ./platform/emlib/src/em_adc.o
 .debug_aranges
                0x00000550      0x118 ./platform/emlib/src/em_cmu.o
 .debug_aranges
                0x00000668       0x48 ./platform/emlib/src/em_gpio.o
 .debug_aranges
                0x000006b0       0x58 ./platform/emlib/src/em_i2c.o
 .debug_aranges
                0x00000708       0x50 ./platform/emlib/src/em_letimer.o
 .debug_aranges
                0x00000758       0x28 ./platform/emlib/src/em_system.o
 .debug_aranges
                0x00000780       0xb8 ./platform/emlib/src/em_usart.o

.debug_ranges   0x00000000     0x1648
 .debug_ranges  0x00000000       0x48 ./advertisement.o
 .debug_ranges  0x00000048       0x78 ./app.o
 .debug_ranges  0x000000c0       0xa8 ./app_ble.o
 .debug_ranges  0x00000168       0x20 ./app_data.o
 .debug_ranges  0x00000188       0xc8 ./app_hw.o
 .debug_ranges  0x00000250       0x10 ./board.o
 .debug_ranges  0x00000260       0x10 ./main.o
 .debug_ranges  0x00000270       0x98 ./mcu.o
 .debug_ranges  0x00000308       0xc8 ./payloadbuffer.o
 .debug_ranges  0x000003d0       0x18 ./hardware/kit/common/bsp/bsp_trace.o
 .debug_ranges  0x000003e8       0xf0 ./hardware/kit/common/drivers/h3lis331dl.o
 .debug_ranges  0x000004d8       0x48 ./hardware/kit/common/drivers/i2cspm.o
 .debug_ranges  0x00000520      0x168 ./hardware/kit/common/drivers/lsm6dsl.o
 .debug_ranges  0x00000688       0x88 ./hardware/kit/common/drivers/retargetswo.o
 .debug_ranges  0x00000710      0x180 ./hardware/kit/common/drivers/s23lc1024.o
 .debug_ranges  0x00000890       0x18 ./platform/Device/SiliconLabs/EFR32BG1B/Source/GCC/startup_efr32bg1b.o
 .debug_ranges  0x000008a8       0x18 ./platform/emdrv/adc/src/adc.o
 .debug_ranges  0x000008c0       0xa8 ./platform/emdrv/dmadrv/src/dmadrv.o
 .debug_ranges  0x00000968       0xa8 ./platform/emdrv/gpiointerrupt/src/gpiointerrupt.o
 .debug_ranges  0x00000a10       0xa8 ./platform/emdrv/letimer/src/letimer.o
 .debug_ranges  0x00000ab8       0xb0 ./platform/emdrv/mstimer/src/mstimer.o
 .debug_ranges  0x00000b68      0x128 ./platform/emlib/src/em_adc.o
 .debug_ranges  0x00000c90      0x5c0 ./platform/emlib/src/em_cmu.o
 .debug_ranges  0x00001250      0x1a8 ./platform/emlib/src/em_gpio.o
 .debug_ranges  0x000013f8      0x100 ./platform/emlib/src/em_i2c.o
 .debug_ranges  0x000014f8       0x40 ./platform/emlib/src/em_letimer.o
 .debug_ranges  0x00001538       0x18 ./platform/emlib/src/em_system.o
 .debug_ranges  0x00001550       0xf8 ./platform/emlib/src/em_usart.o

.debug_line     0x00000000     0x7329
 .debug_line    0x00000000      0x2c6 ./advertisement.o
 .debug_line    0x000002c6      0x439 ./app.o
 .debug_line    0x000006ff      0x448 ./app_ble.o
 .debug_line    0x00000b47      0x40e ./app_data.o
 .debug_line    0x00000f55      0x23c ./app_hw.o
 .debug_line    0x00001191      0x189 ./application_properties.o
 .debug_line    0x0000131a      0x2d2 ./board.o
 .debug_line    0x000015ec      0x185 ./gatt_db.o
 .debug_line    0x00001771      0x4eb ./main.o
 .debug_line    0x00001c5c      0x33d ./mcu.o
 .debug_line    0x00001f99      0x2a0 ./payloadbuffer.o
 .debug_line    0x00002239      0x2cb ./hardware/kit/common/bsp/bsp_trace.o
 .debug_line    0x00002504      0x3da ./hardware/kit/common/drivers/h3lis331dl.o
 .debug_line    0x000028de      0x33d ./hardware/kit/common/drivers/i2cspm.o
 .debug_line    0x00002c1b      0x460 ./hardware/kit/common/drivers/lsm6dsl.o
 .debug_line    0x0000307b      0x2a4 ./hardware/kit/common/drivers/retargetswo.o
 .debug_line    0x0000331f      0x505 ./hardware/kit/common/drivers/s23lc1024.o
 .debug_line    0x00003824      0x184 ./platform/Device/SiliconLabs/EFR32BG1B/Source/GCC/startup_efr32bg1b.o
 .debug_line    0x000039a8      0x2e4 ./platform/emdrv/adc/src/adc.o
 .debug_line    0x00003c8c      0x597 ./platform/emdrv/dmadrv/src/dmadrv.o
 .debug_line    0x00004223      0x3c7 ./platform/emdrv/gpiointerrupt/src/gpiointerrupt.o
 .debug_line    0x000045ea      0x4b7 ./platform/emdrv/letimer/src/letimer.o
 .debug_line    0x00004aa1      0x3cb ./platform/emdrv/mstimer/src/mstimer.o
 .debug_line    0x00004e6c      0x4c9 ./platform/emlib/src/em_adc.o
 .debug_line    0x00005335      0xc94 ./platform/emlib/src/em_cmu.o
 .debug_line    0x00005fc9      0x3f9 ./platform/emlib/src/em_gpio.o
 .debug_line    0x000063c2      0x49b ./platform/emlib/src/em_i2c.o
 .debug_line    0x0000685d      0x31c ./platform/emlib/src/em_letimer.o
 .debug_line    0x00006b79      0x26d ./platform/emlib/src/em_system.o
 .debug_line    0x00006de6      0x543 ./platform/emlib/src/em_usart.o

.debug_str      0x00000000     0xda77
 .debug_str     0x00000000     0x4706 ./advertisement.o
                               0x49b6 (size before relaxing)
 .debug_str     0x00004706     0x153d ./app.o
                               0x5cde (size before relaxing)
 .debug_str     0x00005c43      0x214 ./app_ble.o
                               0x5d97 (size before relaxing)
 .debug_str     0x00005e57      0x3d2 ./app_data.o
                               0x4c7d (size before relaxing)
 .debug_str     0x00006229      0x1d7 ./app_hw.o
                                0x53d (size before relaxing)
 .debug_str     0x00006400       0xaa ./application_properties.o
                                0x2a0 (size before relaxing)
 .debug_str     0x000064aa      0x23e ./board.o
                                0x42d (size before relaxing)
 .debug_str     0x000066e8      0x647 ./gatt_db.o
                                0x849 (size before relaxing)
 .debug_str     0x00006d2f      0x5a7 ./main.o
                               0x5098 (size before relaxing)
 .debug_str     0x000072d6      0xac8 ./mcu.o
                               0x1064 (size before relaxing)
 .debug_str     0x00007d9e       0xa9 ./payloadbuffer.o
                                0x325 (size before relaxing)
 .debug_str     0x00007e47      0x1f0 ./hardware/kit/common/bsp/bsp_trace.o
                                0xb10 (size before relaxing)
 .debug_str     0x00008037      0x29b ./hardware/kit/common/drivers/h3lis331dl.o
                                0xaaa (size before relaxing)
 .debug_str     0x000082d2       0xd3 ./hardware/kit/common/drivers/i2cspm.o
                                0x9b2 (size before relaxing)
 .debug_str     0x000083a5       0x9b ./hardware/kit/common/drivers/lsm6dsl.o
                                0xac1 (size before relaxing)
 .debug_str     0x00008440       0x65 ./hardware/kit/common/drivers/retargetswo.o
                                0x349 (size before relaxing)
 .debug_str     0x000084a5      0x440 ./hardware/kit/common/drivers/s23lc1024.o
                                0xd20 (size before relaxing)
 .debug_str     0x000088e5       0xa8 ./platform/Device/SiliconLabs/EFR32BG1B/Source/GCC/startup_efr32bg1b.o
                                0x2a5 (size before relaxing)
 .debug_str     0x0000898d     0x1f40 ./platform/emdrv/adc/src/adc.o
                               0x237b (size before relaxing)
 .debug_str     0x0000a8cd      0xed1 ./platform/emdrv/dmadrv/src/dmadrv.o
                               0x1167 (size before relaxing)
 .debug_str     0x0000b79e      0x30b ./platform/emdrv/gpiointerrupt/src/gpiointerrupt.o
                                0x663 (size before relaxing)
 .debug_str     0x0000baa9      0x21e ./platform/emdrv/letimer/src/letimer.o
                               0x4ee8 (size before relaxing)
 .debug_str     0x0000bcc7      0x5b3 ./platform/emdrv/mstimer/src/mstimer.o
                                0xd35 (size before relaxing)
 .debug_str     0x0000c27a      0x51f ./platform/emlib/src/em_adc.o
                               0x2aa2 (size before relaxing)
 .debug_str     0x0000c799      0x81a ./platform/emlib/src/em_cmu.o
                               0x1463 (size before relaxing)
 .debug_str     0x0000cfb3      0x18f ./platform/emlib/src/em_gpio.o
                                0x82b (size before relaxing)
 .debug_str     0x0000d142      0x19f ./platform/emlib/src/em_i2c.o
                                0x806 (size before relaxing)
 .debug_str     0x0000d2e1       0x8b ./platform/emlib/src/em_letimer.o
                                0x44e (size before relaxing)
 .debug_str     0x0000d36c       0x7c ./platform/emlib/src/em_system.o
                                0x2f8 (size before relaxing)
 .debug_str     0x0000d3e8      0x68f ./platform/emlib/src/em_usart.o
                                0xea5 (size before relaxing)

.debug_frame    0x00000000     0x157c
 .debug_frame   0x00000000       0x54 ./advertisement.o
 .debug_frame   0x00000054       0xa8 ./app.o
 .debug_frame   0x000000fc       0xc0 ./app_ble.o
 .debug_frame   0x000001bc       0x84 ./app_data.o
 .debug_frame   0x00000240       0x54 ./app_hw.o
 .debug_frame   0x00000294       0x2c ./board.o
 .debug_frame   0x000002c0       0x28 ./main.o
 .debug_frame   0x000002e8       0x38 ./mcu.o
 .debug_frame   0x00000320       0x7c ./payloadbuffer.o
 .debug_frame   0x0000039c       0x44 ./hardware/kit/common/bsp/bsp_trace.o
 .debug_frame   0x000003e0       0xc4 ./hardware/kit/common/drivers/h3lis331dl.o
 .debug_frame   0x000004a4       0x50 ./hardware/kit/common/drivers/i2cspm.o
 .debug_frame   0x000004f4      0x110 ./hardware/kit/common/drivers/lsm6dsl.o
 .debug_frame   0x00000604       0x60 ./hardware/kit/common/drivers/retargetswo.o
 .debug_frame   0x00000664       0xfc ./hardware/kit/common/drivers/s23lc1024.o
 .debug_frame   0x00000760       0x38 ./platform/Device/SiliconLabs/EFR32BG1B/Source/GCC/startup_efr32bg1b.o
 .debug_frame   0x00000798       0x44 ./platform/emdrv/adc/src/adc.o
 .debug_frame   0x000007dc      0x22c ./platform/emdrv/dmadrv/src/dmadrv.o
 .debug_frame   0x00000a08       0x80 ./platform/emdrv/gpiointerrupt/src/gpiointerrupt.o
 .debug_frame   0x00000a88       0x80 ./platform/emdrv/letimer/src/letimer.o
 .debug_frame   0x00000b08       0x70 ./platform/emdrv/mstimer/src/mstimer.o
 .debug_frame   0x00000b78      0x148 ./platform/emlib/src/em_adc.o
 .debug_frame   0x00000cc0      0x314 ./platform/emlib/src/em_cmu.o
 .debug_frame   0x00000fd4       0xa0 ./platform/emlib/src/em_gpio.o
 .debug_frame   0x00001074       0xec ./platform/emlib/src/em_i2c.o
 .debug_frame   0x00001160       0x90 ./platform/emlib/src/em_letimer.o
 .debug_frame   0x000011f0       0x30 ./platform/emlib/src/em_system.o
 .debug_frame   0x00001220      0x1dc ./platform/emlib/src/em_usart.o
 .debug_frame   0x000013fc       0x28 c:/siliconlabs/simplicitystudio/v4/developer/toolchains/gnu_arm/4.9_2015q3/bin/../lib/gcc/arm-none-eabi/4.9.3/../../../../arm-none-eabi/lib/armv7e-m/fpu\libc.a(lib_a-exit.o)
 .debug_frame   0x00001424       0x2c c:/siliconlabs/simplicitystudio/v4/developer/toolchains/gnu_arm/4.9_2015q3/bin/../lib/gcc/arm-none-eabi/4.9.3/../../../../arm-none-eabi/lib/armv7e-m/fpu\libc.a(lib_a-init.o)
 .debug_frame   0x00001450       0x34 c:/siliconlabs/simplicitystudio/v4/developer/toolchains/gnu_arm/4.9_2015q3/bin/../lib/gcc/arm-none-eabi/4.9.3/../../../../arm-none-eabi/lib/armv7e-m/fpu\libc.a(lib_a-memset.o)